Component: Arm Compiler for Embedded 6.22 Tool: armlink [5ee90200]

==============================================================================

Section Cross References

    startup_stm32f407xx.o(RESET) refers to startup_stm32f407xx.o(STACK) for __initial_sp
    startup_stm32f407xx.o(RESET) refers to startup_stm32f407xx.o(.text) for Reset_Handler
    startup_stm32f407xx.o(RESET) refers to stm32f4xx_it.o(.text.NMI_Handler) for NMI_Handler
    startup_stm32f407xx.o(RESET) refers to stm32f4xx_it.o(.text.HardFault_Handler) for HardFault_Handler
    startup_stm32f407xx.o(RESET) refers to stm32f4xx_it.o(.text.MemManage_Handler) for MemManage_Handler
    startup_stm32f407xx.o(RESET) refers to stm32f4xx_it.o(.text.BusFault_Handler) for BusFault_Handler
    startup_stm32f407xx.o(RESET) refers to stm32f4xx_it.o(.text.UsageFault_Handler) for UsageFault_Handler
    startup_stm32f407xx.o(RESET) refers to port.o(.text.SVC_Handler) for SVC_Handler
    startup_stm32f407xx.o(RESET) refers to stm32f4xx_it.o(.text.DebugMon_Handler) for DebugMon_Handler
    startup_stm32f407xx.o(RESET) refers to port.o(.text.PendSV_Handler) for PendSV_Handler
    startup_stm32f407xx.o(RESET) refers to cmsis_os2.o(.text.SysTick_Handler) for SysTick_Handler
    startup_stm32f407xx.o(RESET) refers to stm32f4xx_it.o(.text.TIM1_UP_TIM10_IRQHandler) for TIM1_UP_TIM10_IRQHandler
    startup_stm32f407xx.o(RESET) refers to stm32f4xx_it.o(.text.USART1_IRQHandler) for USART1_IRQHandler
    startup_stm32f407xx.o(.text) refers to system_stm32f4xx.o(.text.SystemInit) for SystemInit
    startup_stm32f407xx.o(.text) refers to entry.o(.ARM.Collect$$$$00000000) for __main
    ili9488.o(.ARM.exidx.text.SendByte) refers to ili9488.o(.text.SendByte) for [Anonymous Symbol]
    ili9488.o(.text.ILI9488_SendCommand) refers to stm32f4xx_hal_gpio.o(.text.HAL_GPIO_WritePin) for HAL_GPIO_WritePin
    ili9488.o(.text.ILI9488_SendCommand) refers to spi.o(.bss.hspi2) for hspi2
    ili9488.o(.text.ILI9488_SendCommand) refers to stm32f4xx_hal_spi.o(.text.HAL_SPI_Transmit) for HAL_SPI_Transmit
    ili9488.o(.ARM.exidx.text.ILI9488_SendCommand) refers to ili9488.o(.text.ILI9488_SendCommand) for [Anonymous Symbol]
    ili9488.o(.text.ILI9488_SendData) refers to stm32f4xx_hal_gpio.o(.text.HAL_GPIO_WritePin) for HAL_GPIO_WritePin
    ili9488.o(.text.ILI9488_SendData) refers to spi.o(.bss.hspi2) for hspi2
    ili9488.o(.text.ILI9488_SendData) refers to stm32f4xx_hal_spi.o(.text.HAL_SPI_Transmit) for HAL_SPI_Transmit
    ili9488.o(.ARM.exidx.text.ILI9488_SendData) refers to ili9488.o(.text.ILI9488_SendData) for [Anonymous Symbol]
    ili9488.o(.text.ILI9488_SendData_Multi) refers to stm32f4xx_hal_gpio.o(.text.HAL_GPIO_WritePin) for HAL_GPIO_WritePin
    ili9488.o(.text.ILI9488_SendData_Multi) refers to spi.o(.bss.hspi2) for hspi2
    ili9488.o(.text.ILI9488_SendData_Multi) refers to stm32f4xx_hal_spi.o(.text.HAL_SPI_Transmit) for HAL_SPI_Transmit
    ili9488.o(.ARM.exidx.text.ILI9488_SendData_Multi) refers to ili9488.o(.text.ILI9488_SendData_Multi) for [Anonymous Symbol]
    ili9488.o(.ARM.exidx.text.WaitLastData) refers to ili9488.o(.text.WaitLastData) for [Anonymous Symbol]
    ili9488.o(.text.ILI9488_Init_GPT) refers to puts.o(i.puts) for puts
    ili9488.o(.text.ILI9488_Init_GPT) refers to stm32f4xx_hal_gpio.o(.text.HAL_GPIO_WritePin) for HAL_GPIO_WritePin
    ili9488.o(.text.ILI9488_Init_GPT) refers to stm32f4xx_hal.o(.text.HAL_Delay) for HAL_Delay
    ili9488.o(.text.ILI9488_Init_GPT) refers to spi.o(.bss.hspi2) for hspi2
    ili9488.o(.text.ILI9488_Init_GPT) refers to stm32f4xx_hal_spi.o(.text.HAL_SPI_Transmit) for HAL_SPI_Transmit
    ili9488.o(.ARM.exidx.text.ILI9488_Init_GPT) refers to ili9488.o(.text.ILI9488_Init_GPT) for [Anonymous Symbol]
    ili9488.o(.text.ILI9488_Init) refers to puts.o(i.puts) for puts
    ili9488.o(.text.ILI9488_Init) refers to stm32f4xx_hal_gpio.o(.text.HAL_GPIO_WritePin) for HAL_GPIO_WritePin
    ili9488.o(.text.ILI9488_Init) refers to stm32f4xx_hal.o(.text.HAL_Delay) for HAL_Delay
    ili9488.o(.text.ILI9488_Init) refers to ili9488.o(.bss..L_MergedGlobals) for .L_MergedGlobals
    ili9488.o(.text.ILI9488_Init) refers to spi.o(.bss.hspi2) for hspi2
    ili9488.o(.text.ILI9488_Init) refers to stm32f4xx_hal_spi.o(.text.HAL_SPI_Transmit) for HAL_SPI_Transmit
    ili9488.o(.ARM.exidx.text.ILI9488_Init) refers to ili9488.o(.text.ILI9488_Init) for [Anonymous Symbol]
    ili9488.o(.text.setAddrWindow) refers to stm32f4xx_hal_gpio.o(.text.HAL_GPIO_WritePin) for HAL_GPIO_WritePin
    ili9488.o(.text.setAddrWindow) refers to spi.o(.bss.hspi2) for hspi2
    ili9488.o(.text.setAddrWindow) refers to stm32f4xx_hal_spi.o(.text.HAL_SPI_Transmit) for HAL_SPI_Transmit
    ili9488.o(.ARM.exidx.text.setAddrWindow) refers to ili9488.o(.text.setAddrWindow) for [Anonymous Symbol]
    ili9488.o(.text.setScrollArea) refers to stm32f4xx_hal_gpio.o(.text.HAL_GPIO_WritePin) for HAL_GPIO_WritePin
    ili9488.o(.text.setScrollArea) refers to spi.o(.bss.hspi2) for hspi2
[...]
    usart.c                                  0x00000000   Number         0  usart.o ABSOLUTE
    RESET                                    0x08000000   Section      392  startup_stm32f407xx.o(RESET)
    .ARM.Collect$$$$00000000                 0x08000188   Section        0  entry.o(.ARM.Collect$$$$00000000)
    .ARM.Collect$$$$00000001                 0x08000188   Section        4  entry2.o(.ARM.Collect$$$$00000001)
    .ARM.Collect$$$$00000004                 0x0800018c   Section        4  entry5.o(.ARM.Collect$$$$00000004)
    .ARM.Collect$$$$00000008                 0x08000190   Section        0  entry7b.o(.ARM.Collect$$$$00000008)
    .ARM.Collect$$$$0000000A                 0x08000190   Section        0  entry8b.o(.ARM.Collect$$$$0000000A)
    .ARM.Collect$$$$0000000B                 0x08000190   Section        8  entry9a.o(.ARM.Collect$$$$0000000B)
    __lit__00000000                          0x08000198   Data           4  entry2.o(.ARM.Collect$$$$00002712)
    .ARM.Collect$$$$0000000D                 0x08000198   Section        0  entry10a.o(.ARM.Collect$$$$0000000D)
    .ARM.Collect$$$$0000000F                 0x08000198   Section        0  entry11a.o(.ARM.Collect$$$$0000000F)
    .ARM.Collect$$$$00002712                 0x08000198   Section        4  entry2.o(.ARM.Collect$$$$00002712)
    $v0                                      0x0800019c   Number         0  startup_stm32f407xx.o(.text)
    .text                                    0x0800019c   Section       36  startup_stm32f407xx.o(.text)
    .text                                    0x080001c0   Section        0  uldiv.o(.text)
    .text                                    0x08000222   Section        0  memcpya.o(.text)
    .text                                    0x08000246   Section        0  memseta.o(.text)
    .text                                    0x0800026a   Section        0  uidiv.o(.text)
    .text                                    0x08000296   Section        0  llshl.o(.text)
    .text                                    0x080002b4   Section        0  llushr.o(.text)
    .text                                    0x080002d4   Section       48  init.o(.text)
    [Anonymous Symbol]                       0x08000304   Section        0  game.o(.text.Ball_Move)
    [Anonymous Symbol]                       0x08000434   Section        0  stm32f4xx_it.o(.text.BusFault_Handler)
    [Anonymous Symbol]                       0x08000438   Section        0  stm32f4xx_it.o(.text.DebugMon_Handler)
    [Anonymous Symbol]                       0x0800043c   Section        0  main.o(.text.Error_Handler)
    [Anonymous Symbol]                       0x08000444   Section        0  game.o(.text.Game_Initial)
    [Anonymous Symbol]                       0x080004f8   Section        0  game.o(.text.Game_rotation)
    [Anonymous Symbol]                       0x08000518   Section        0  stm32f4xx_hal_adc.o(.text.HAL_ADC_GetValue)
    [Anonymous Symbol]                       0x08000520   Section        0  stm32f4xx_hal_adc.o(.text.HAL_ADC_PollForConversion)
    [Anonymous Symbol]                       0x08000620   Section        0  stm32f4xx_hal_adc.o(.text.HAL_ADC_Start)
    [Anonymous Symbol]                       0x0800077c   Section        0  stm32f4xx_hal_dma.o(.text.HAL_DMA_Abort)
    [Anonymous Symbol]                       0x0800080c   Section        0  stm32f4xx_hal_dma.o(.text.HAL_DMA_Abort_IT)
    [Anonymous Symbol]                       0x08000830   Section        0  stm32f4xx_hal.o(.text.HAL_Delay)
    [Anonymous Symbol]                       0x08000858   Section        0  stm32f4xx_hal_gpio.o(.text.HAL_GPIO_Init)
    [Anonymous Symbol]                       0x080009f8   Section        0  stm32f4xx_hal_gpio.o(.text.HAL_GPIO_ReadPin)
    [Anonymous Symbol]                       0x08000a04   Section        0  stm32f4xx_hal_gpio.o(.text.HAL_GPIO_WritePin)
    [Anonymous Symbol]                       0x08000a10   Section        0  stm32f4xx_hal.o(.text.HAL_GetTick)
    [Anonymous Symbol]                       0x08000a1c   Section        0  stm32f4xx_hal.o(.text.HAL_IncTick)
    [Anonymous Symbol]                       0x08000a38   Section        0  stm32f4xx_hal.o(.text.HAL_Init)
    [Anonymous Symbol]                       0x08000a70   Section        0  stm32f4xx_hal_timebase_tim.o(.text.HAL_InitTick)
    [Anonymous Symbol]                       0x08000b1c   Section        0  stm32f4xx_hal_msp.o(.text.HAL_MspInit)
    [Anonymous Symbol]                       0x08000b60   Section        0  stm32f4xx_hal_cortex.o(.text.HAL_NVIC_EnableIRQ)
    [Anonymous Symbol]                       0x08000b84   Section        0  stm32f4xx_hal_cortex.o(.text.HAL_NVIC_SetPriority)
    [Anonymous Symbol]                       0x08000bdc   Section        0  stm32f4xx_hal_cortex.o(.text.HAL_NVIC_SetPriorityGrouping)
    [Anonymous Symbol]                       0x08000bfc   Section        0  stm32f4xx_hal_rcc.o(.text.HAL_RCC_ClockConfig)
    [Anonymous Symbol]                       0x08000d60   Section        0  stm32f4xx_hal_rcc.o(.text.HAL_RCC_GetClockConfig)
    [Anonymous Symbol]                       0x08000da0   Section        0  stm32f4xx_hal_rcc.o(.text.HAL_RCC_GetPCLK1Freq)
    [Anonymous Symbol]                       0x08000dc8   Section        0  stm32f4xx_hal_rcc.o(.text.HAL_RCC_GetPCLK2Freq)
    [Anonymous Symbol]                       0x08000df0   Section        0  stm32f4xx_hal_rcc.o(.text.HAL_RCC_GetSysClockFreq)
    [Anonymous Symbol]                       0x08000e5c   Section        0  stm32f4xx_hal_rcc.o(.text.HAL_RCC_OscConfig)
    [Anonymous Symbol]                       0x08001208   Section        0  stm32f4xx_hal_spi.o(.text.HAL_SPI_Init)
    [Anonymous Symbol]                       0x080012b8   Section        0  spi.o(.text.HAL_SPI_MspInit)
    [Anonymous Symbol]                       0x08001330   Section        0  stm32f4xx_hal_spi.o(.text.HAL_SPI_Transmit)
    [Anonymous Symbol]                       0x080015ac   Section        0  stm32f4xx_hal_tim_ex.o(.text.HAL_TIMEx_BreakCallback)
    [Anonymous Symbol]                       0x080015b0   Section        0  stm32f4xx_hal_tim_ex.o(.text.HAL_TIMEx_CommutCallback)
    [Anonymous Symbol]                       0x080015b4   Section        0  stm32f4xx_hal_tim.o(.text.HAL_TIM_Base_Init)
    [Anonymous Symbol]                       0x08001610   Section        0  stm32f4xx_hal_tim.o(.text.HAL_TIM_Base_MspInit)
    [Anonymous Symbol]                       0x08001614   Section        0  stm32f4xx_hal_tim.o(.text.HAL_TIM_Base_Start_IT)
    [Anonymous Symbol]                       0x080016c0   Section        0  stm32f4xx_hal_tim.o(.text.HAL_TIM_IC_CaptureCallback)
    [Anonymous Symbol]                       0x080016c4   Section        0  stm32f4xx_hal_tim.o(.text.HAL_TIM_IRQHandler)
    [Anonymous Symbol]                       0x08001814   Section        0  stm32f4xx_hal_tim.o(.text.HAL_TIM_OC_DelayElapsedCallback)
    [Anonymous Symbol]                       0x08001818   Section        0  stm32f4xx_hal_tim.o(.text.HAL_TIM_PWM_PulseFinishedCallback)
    [Anonymous Symbol]                       0x0800181c   Section        0  main.o(.text.HAL_TIM_PeriodElapsedCallback)
    [Anonymous Symbol]                       0x08001830   Section        0  stm32f4xx_hal_tim.o(.text.HAL_TIM_TriggerCallback)
    [Anonymous Symbol]                       0x08001834   Section        0  stm32f4xx_hal_uart.o(.text.HAL_UARTEx_RxEventCallback)
    [Anonymous Symbol]                       0x08001838   Section        0  stm32f4xx_hal_uart.o(.text.HAL_UART_ErrorCallback)
    [Anonymous Symbol]                       0x0800183c   Section        0  stm32f4xx_hal_uart.o(.text.HAL_UART_IRQHandler)
    [Anonymous Symbol]                       0x08001dac   Section        0  stm32f4xx_hal_uart.o(.text.HAL_UART_Init)
    [Anonymous Symbol]                       0x08001e0c   Section        0  usart.o(.text.HAL_UART_MspInit)
    [Anonymous Symbol]                       0x08001e94   Section        0  stm32f4xx_hal_uart.o(.text.HAL_UART_RxCpltCallback)
    [Anonymous Symbol]                       0x08001e98   Section        0  stm32f4xx_hal_uart.o(.text.HAL_UART_Transmit)
    [Anonymous Symbol]                       0x0800202c   Section        0  stm32f4xx_hal_uart.o(.text.HAL_UART_TxCpltCallback)
    [Anonymous Symbol]                       0x08002030   Section        0  stm32f4xx_it.o(.text.HardFault_Handler)
    [Anonymous Symbol]                       0x08002034   Section        0  ili9488.o(.text.ILI9488_Init)
    [Anonymous Symbol]                       0x08002e70   Section        0  freertos.o(.text.MX_FREERTOS_Init)
    [Anonymous Symbol]                       0x08002fe8   Section        0  gpio.o(.text.MX_GPIO_Init)
    [Anonymous Symbol]                       0x08003100   Section        0  spi.o(.text.MX_SPI2_Init)
    [Anonymous Symbol]                       0x08003148   Section        0  usart.o(.text.MX_USART1_UART_Init)
    [Anonymous Symbol]                       0x08003184   Section        0  stm32f4xx_it.o(.text.MemManage_Handler)
    [Anonymous Symbol]                       0x08003188   Section        0  stm32f4xx_it.o(.text.NMI_Handler)
    [Anonymous Symbol]                       0x08003190   Section        0  port.o(.text.PendSV_Handler)
    pxCurrentTCBConst                        0x080031f0   Number         0  port.o(.text.PendSV_Handler)
    SPI_WaitFlagStateUntilTimeout            0x080031f5   Thumb Code   288  stm32f4xx_hal_spi.o(.text.SPI_WaitFlagStateUntilTimeout)
    [Anonymous Symbol]                       0x080031f4   Section        0  stm32f4xx_hal_spi.o(.text.SPI_WaitFlagStateUntilTimeout)
    [Anonymous Symbol]                       0x08003320   Section        0  port.o(.text.SVC_Handler)
    pxCurrentTCBConst2                       0x08003340   Number         0  port.o(.text.SVC_Handler)
    [Anonymous Symbol]                       0x08003344   Section        0  cmsis_os2.o(.text.SysTick_Handler)
    [Anonymous Symbol]                       0x08003364   Section        0  main.o(.text.SystemClock_Config)
    [Anonymous Symbol]                       0x0800340c   Section        0  system_stm32f4xx.o(.text.SystemInit)
    [Anonymous Symbol]                       0x08003420   Section        0  stm32f4xx_it.o(.text.TIM1_UP_TIM10_IRQHandler)
    [Anonymous Symbol]                       0x0800342c   Section        0  stm32f4xx_hal_tim.o(.text.TIM_Base_SetConfig)
    [Anonymous Symbol]                       0x08003570   Section        0  freertos.o(.text.Task1Entry)
    [Anonymous Symbol]                       0x080035f0   Section        0  freertos.o(.text.Task2Entry)
    [Anonymous Symbol]                       0x0800365c   Section        0  freertos.o(.text.Task3Entry)
    UART_DMAAbortOnError                     0x08003665   Thumb Code    12  stm32f4xx_hal_uart.o(.text.UART_DMAAbortOnError)
    [Anonymous Symbol]                       0x08003664   Section        0  stm32f4xx_hal_uart.o(.text.UART_DMAAbortOnError)
    UART_Receive_IT                          0x08003671   Thumb Code   254  stm32f4xx_hal_uart.o(.text.UART_Receive_IT)
    [Anonymous Symbol]                       0x08003670   Section        0  stm32f4xx_hal_uart.o(.text.UART_Receive_IT)
    UART_SetConfig                           0x08003771   Thumb Code   230  stm32f4xx_hal_uart.o(.text.UART_SetConfig)
    [Anonymous Symbol]                       0x08003770   Section        0  stm32f4xx_hal_uart.o(.text.UART_SetConfig)
    [Anonymous Symbol]                       0x08003858   Section        0  stm32f4xx_it.o(.text.USART1_IRQHandler)
    [Anonymous Symbol]                       0x08003864   Section        0  stm32f4xx_it.o(.text.UsageFault_Handler)
    [Anonymous Symbol]                       0x08003868   Section        0  ili9488.o(.text.fillRect)
    [Anonymous Symbol]                       0x080039f8   Section        0  ili9488.o(.text.fillScreen)
    [Anonymous Symbol]                       0x08003a20   Section        0  usart.o(.text.fputc)
    [Anonymous Symbol]                       0x08003a40   Section        0  adc.o(.text.get_adc_value)
    [Anonymous Symbol]                       0x08003a64   Section        0  main.o(.text.main)
    [Anonymous Symbol]                       0x08003b38   Section        0  cmsis_os2.o(.text.osDelay)
    [Anonymous Symbol]                       0x08003b58   Section        0  cmsis_os2.o(.text.osKernelInitialize)
    [Anonymous Symbol]                       0x08003b80   Section        0  cmsis_os2.o(.text.osKernelStart)
    [Anonymous Symbol]                       0x08003bbc   Section        0  cmsis_os2.o(.text.osMutexNew)
    [Anonymous Symbol]                       0x08003c30   Section        0  cmsis_os2.o(.text.osThreadNew)
    prvAddNewTaskToReadyList                 0x08003cc9   Thumb Code   664  tasks.o(.text.prvAddNewTaskToReadyList)
    [Anonymous Symbol]                       0x08003cc8   Section        0  tasks.o(.text.prvAddNewTaskToReadyList)
    prvIdleTask                              0x08003f8d   Thumb Code   134  tasks.o(.text.prvIdleTask)
    [Anonymous Symbol]                       0x08003f8c   Section        0  tasks.o(.text.prvIdleTask)
    prvInitialiseNewTask                     0x08004015   Thumb Code   260  tasks.o(.text.prvInitialiseNewTask)
    [Anonymous Symbol]                       0x08004014   Section        0  tasks.o(.text.prvInitialiseNewTask)
    prvPortStartFirstTask                    0x08004119   Thumb Code    34  port.o(.text.prvPortStartFirstTask)
    [Anonymous Symbol]                       0x08004118   Section        0  port.o(.text.prvPortStartFirstTask)
    prvTaskExitError                         0x08004141   Thumb Code    62  port.o(.text.prvTaskExitError)
    [Anonymous Symbol]                       0x08004140   Section        0  port.o(.text.prvTaskExitError)
    prvTimerTask                             0x08004181   Thumb Code   890  timers.o(.text.prvTimerTask)
    [Anonymous Symbol]                       0x08004180   Section        0  timers.o(.text.prvTimerTask)
    prvUnlockQueue                           0x080044fd   Thumb Code   116  queue.o(.text.prvUnlockQueue)
    [Anonymous Symbol]                       0x080044fc   Section        0  queue.o(.text.prvUnlockQueue)
    [Anonymous Symbol]                       0x08004570   Section        0  heap_4.o(.text.pvPortMalloc)
    [Anonymous Symbol]                       0x08004760   Section        0  port.o(.text.pxPortInitialiseStack)
    [Anonymous Symbol]                       0x08004784   Section        0  ili9488.o(.text.setAddrWindow)
    [Anonymous Symbol]                       0x080048e8   Section        0  ili9488.o(.text.setRotation)
    [Anonymous Symbol]                       0x08004a40   Section        0  list.o(.text.uxListRemove)
    [Anonymous Symbol]                       0x08004a64   Section        0  cmsis_os2.o(.text.vApplicationGetIdleTaskMemory)
    [Anonymous Symbol]                       0x08004a80   Section        0  cmsis_os2.o(.text.vApplicationGetTimerTaskMemory)
    [Anonymous Symbol]                       0x08004a9c   Section        0  list.o(.text.vListInitialise)
    [Anonymous Symbol]                       0x08004ab4   Section        0  list.o(.text.vListInitialiseItem)
    [Anonymous Symbol]                       0x08004abc   Section        0  list.o(.text.vListInsert)
    [Anonymous Symbol]                       0x08004b20   Section        0  list.o(.text.vListInsertEnd)
    vPortEnableVFP                           0x08004b3d   Thumb Code    14  port.o(.text.vPortEnableVFP)
    [Anonymous Symbol]                       0x08004b3c   Section        0  port.o(.text.vPortEnableVFP)
    [Anonymous Symbol]                       0x08004b50   Section        0  port.o(.text.vPortEnterCritical)
    [Anonymous Symbol]                       0x08004b98   Section        0  port.o(.text.vPortExitCritical)
    [Anonymous Symbol]                       0x08004bc8   Section        0  heap_4.o(.text.vPortFree)
    [Anonymous Symbol]                       0x08004c9c   Section        0  port.o(.text.vPortSetupTimerInterrupt)
    [Anonymous Symbol]                       0x08004cc4   Section        0  queue.o(.text.vQueueAddToRegistry)
    [Anonymous Symbol]                       0x08004d1c   Section        0  queue.o(.text.vQueueWaitForMessageRestricted)
    [Anonymous Symbol]                       0x08004d70   Section        0  tasks.o(.text.vTaskDelay)
    [Anonymous Symbol]                       0x08004df0   Section        0  tasks.o(.text.vTaskInternalSetTimeOutState)
    [Anonymous Symbol]                       0x08004e04   Section        0  tasks.o(.text.vTaskMissedYield)
    [Anonymous Symbol]                       0x08004e14   Section        0  tasks.o(.text.vTaskPlaceOnEventList)
    [Anonymous Symbol]                       0x08004e88   Section        0  tasks.o(.text.vTaskPlaceOnEventListRestricted)
    [Anonymous Symbol]                       0x08004f04   Section        0  tasks.o(.text.vTaskStartScheduler)
    [Anonymous Symbol]                       0x08005030   Section        0  tasks.o(.text.vTaskSuspendAll)
    [Anonymous Symbol]                       0x08005040   Section        0  tasks.o(.text.vTaskSwitchContext)
    [Anonymous Symbol]                       0x0800510c   Section        0  port.o(.text.xPortStartScheduler)
    [Anonymous Symbol]                       0x080052e8   Section        0  port.o(.text.xPortSysTickHandler)
    [Anonymous Symbol]                       0x08005318   Section        0  queue.o(.text.xQueueCreateMutex)
    [Anonymous Symbol]                       0x08005388   Section        0  queue.o(.text.xQueueCreateMutexStatic)
    [Anonymous Symbol]                       0x0800542c   Section        0  queue.o(.text.xQueueGenericCreateStatic)
    [Anonymous Symbol]                       0x08005508   Section        0  queue.o(.text.xQueueGenericSend)
    [Anonymous Symbol]                       0x080057c8   Section        0  queue.o(.text.xQueueReceive)
    [Anonymous Symbol]                       0x08005a08   Section        0  tasks.o(.text.xTaskCheckForTimeOut)
    [Anonymous Symbol]                       0x08005aa4   Section        0  tasks.o(.text.xTaskCreate)
    [Anonymous Symbol]                       0x08005b04   Section        0  tasks.o(.text.xTaskCreateStatic)
    [Anonymous Symbol]                       0x08005b7c   Section        0  tasks.o(.text.xTaskGetSchedulerState)
    [Anonymous Symbol]                       0x08005b9c   Section        0  tasks.o(.text.xTaskGetTickCount)
    [Anonymous Symbol]                       0x08005ba8   Section        0  tasks.o(.text.xTaskIncrementTick)
    [Anonymous Symbol]                       0x08005cac   Section        0  tasks.o(.text.xTaskPriorityDisinherit)
    [Anonymous Symbol]                       0x08005d3c   Section        0  tasks.o(.text.xTaskRemoveFromEventList)
    [Anonymous Symbol]                       0x08005db0   Section        0  tasks.o(.text.xTaskResumeAll)
    [Anonymous Symbol]                       0x08005ea0   Section        0  timers.o(.text.xTimerCreateTimerTask)
    i.__0printf$6                            0x08005f54   Section        0  printf6.o(i.__0printf$6)
    i.__scatterload_copy                     0x08005f74   Section       14  handlers.o(i.__scatterload_copy)
    i.__scatterload_null                     0x08005f82   Section        2  handlers.o(i.__scatterload_null)
    i.__scatterload_zeroinit                 0x08005f84   Section       14  handlers.o(i.__scatterload_zeroinit)
    _printf_core                             0x08005f95   Thumb Code   748  printf6.o(i._printf_core)
    i._printf_core                           0x08005f94   Section        0  printf6.o(i._printf_core)
    _printf_post_padding                     0x08006285   Thumb Code    36  printf6.o(i._printf_post_padding)
    i._printf_post_padding                   0x08006284   Section        0  printf6.o(i._printf_post_padding)
    _printf_pre_padding                      0x080062a9   Thumb Code    46  printf6.o(i._printf_pre_padding)
    i._printf_pre_padding                    0x080062a8   Section        0  printf6.o(i._printf_pre_padding)
    i.puts                                   0x080062d8   Section        0  puts.o(i.puts)
    .L__const.MX_FREERTOS_Init.Task1_attributes 0x080062fc   Data          52  freertos.o(.rodata..L__const.MX_FREERTOS_Init.Task1_attributes)
    .L.str.4                                 0x08006348   Data          14  freertos.o(.rodata.str1.1)
    [Anonymous Symbol]                       0x08006348   Section        0  freertos.o(.rodata.str1.1)
    .L.str.1                                 0x08006372   Data           5  timers.o(.rodata.str1.1)
    [Anonymous Symbol]                       0x08006372   Section        0  timers.o(.rodata.str1.1)
    .data                                    0x20000000   Section        4  stdout.o(.data)
    .L_MergedGlobals                         0x20000004   Data          72  game.o(.data..L_MergedGlobals)
    [Anonymous Symbol]                       0x20000004   Section        0  game.o(.data..L_MergedGlobals)
    .L_MergedGlobals                         0x2000004c   Data           8  stm32f4xx_hal.o(.data..L_MergedGlobals)
    [Anonymous Symbol]                       0x2000004c   Section        0  stm32f4xx_hal.o(.data..L_MergedGlobals)
    uxCriticalNesting                        0x20000058   Data           4  port.o(.data.uxCriticalNesting)
    [Anonymous Symbol]                       0x20000058   Section        0  port.o(.data.uxCriticalNesting)
    .L_MergedGlobals                         0x20000060   Data          92  ili9488.o(.bss..L_MergedGlobals)
    [Anonymous Symbol]                       0x20000060   Section        0  ili9488.o(.bss..L_MergedGlobals)
    lcdSPIhandle                             0x20000064   Data          88  ili9488.o(.bss..L_MergedGlobals)
    .L_MergedGlobals                         0x200000bc   Data          16  freertos.o(.bss..L_MergedGlobals)
    [Anonymous Symbol]                       0x200000bc   Section        0  freertos.o(.bss..L_MergedGlobals)
    .L_MergedGlobals                         0x200000cc   Data         120  tasks.o(.bss..L_MergedGlobals)
    [Anonymous Symbol]                       0x200000cc   Section        0  tasks.o(.bss..L_MergedGlobals)
    uxTaskNumber                             0x200000d0   Data           4  tasks.o(.bss..L_MergedGlobals)
    uxDeletedTasksWaitingCleanUp             0x200000d4   Data           4  tasks.o(.bss..L_MergedGlobals)
    uxCurrentNumberOfTasks                   0x200000d8   Data           4  tasks.o(.bss..L_MergedGlobals)
    xSchedulerRunning                        0x200000dc   Data           4  tasks.o(.bss..L_MergedGlobals)
    uxSchedulerSuspended                     0x200000e0   Data           4  tasks.o(.bss..L_MergedGlobals)
    xTickCount                               0x200000e4   Data           4  tasks.o(.bss..L_MergedGlobals)
    pxDelayedTaskList                        0x200000e8   Data           4  tasks.o(.bss..L_MergedGlobals)
    pxOverflowDelayedTaskList                0x200000ec   Data           4  tasks.o(.bss..L_MergedGlobals)
    uxTopReadyPriority                       0x200000f0   Data           4  tasks.o(.bss..L_MergedGlobals)
    xIdleTaskHandle                          0x200000f4   Data           4  tasks.o(.bss..L_MergedGlobals)
    xNextTaskUnblockTime                     0x200000f8   Data           4  tasks.o(.bss..L_MergedGlobals)
    xYieldPending                            0x200000fc   Data           4  tasks.o(.bss..L_MergedGlobals)
    xPendedTicks                             0x20000100   Data           4  tasks.o(.bss..L_MergedGlobals)
    xNumOfOverflows                          0x20000104   Data           4  tasks.o(.bss..L_MergedGlobals)
    xTasksWaitingTermination                 0x20000108   Data          20  tasks.o(.bss..L_MergedGlobals)
    xSuspendedTaskList                       0x2000011c   Data          20  tasks.o(.bss..L_MergedGlobals)
    xPendingReadyList                        0x20000130   Data          20  tasks.o(.bss..L_MergedGlobals)
    .L_MergedGlobals                         0x20000144   Data          60  timers.o(.bss..L_MergedGlobals)
    xTimerQueue                              0x20000144   Data           4  timers.o(.bss..L_MergedGlobals)
    [Anonymous Symbol]                       0x20000144   Section        0  timers.o(.bss..L_MergedGlobals)
    xTimerTaskHandle                         0x20000148   Data           4  timers.o(.bss..L_MergedGlobals)
    pxCurrentTimerList                       0x2000014c   Data           4  timers.o(.bss..L_MergedGlobals)
    pxOverflowTimerList                      0x20000150   Data           4  timers.o(.bss..L_MergedGlobals)
    prvSampleTimeNow.xLastTime               0x20000154   Data           4  timers.o(.bss..L_MergedGlobals)
    xActiveTimerList1                        0x20000158   Data          20  timers.o(.bss..L_MergedGlobals)
    xActiveTimerList2                        0x2000016c   Data          20  timers.o(.bss..L_MergedGlobals)
    .L_MergedGlobals                         0x20000180   Data          32  heap_4.o(.bss..L_MergedGlobals)
    xBlockAllocatedBit                       0x20000180   Data           1  heap_4.o(.bss..L_MergedGlobals)
    [Anonymous Symbol]                       0x20000180   Section        0  heap_4.o(.bss..L_MergedGlobals)
    pxEnd                                    0x20000184   Data           4  heap_4.o(.bss..L_MergedGlobals)
    xFreeBytesRemaining                      0x20000188   Data           4  heap_4.o(.bss..L_MergedGlobals)
    xMinimumEverFreeBytesRemaining           0x2000018c   Data           4  heap_4.o(.bss..L_MergedGlobals)
    xNumberOfSuccessfulAllocations           0x20000190   Data           4  heap_4.o(.bss..L_MergedGlobals)
    xNumberOfSuccessfulFrees                 0x20000194   Data           4  heap_4.o(.bss..L_MergedGlobals)
    xStart                                   0x20000198   Data           8  heap_4.o(.bss..L_MergedGlobals)
    .L_MergedGlobals                         0x200001a0   Data           8  port.o(.bss..L_MergedGlobals)
    ucMaxSysCallPriority                     0x200001a0   Data           1  port.o(.bss..L_MergedGlobals)
    [Anonymous Symbol]                       0x200001a0   Section        0  port.o(.bss..L_MergedGlobals)
    ulMaxPRIGROUPValue                       0x200001a4   Data           4  port.o(.bss..L_MergedGlobals)
    .L_MergedGlobals.6                       0x200001a8   Data          40  tasks.o(.bss..L_MergedGlobals.6)
    xDelayedTaskList1                        0x200001a8   Data          20  tasks.o(.bss..L_MergedGlobals.6)
    [Anonymous Symbol]                       0x200001a8   Section        0  tasks.o(.bss..L_MergedGlobals.6)
    xDelayedTaskList2                        0x200001bc   Data          20  tasks.o(.bss..L_MergedGlobals.6)
    KernelState                              0x200001d0   Data           4  cmsis_os2.o(.bss.KernelState)
    [Anonymous Symbol]                       0x200001d0   Section        0  cmsis_os2.o(.bss.KernelState)
    prvCheckForValidListAndQueue.ucStaticTimerQueueStorage 0x20000304   Data         160  timers.o(.bss.prvCheckForValidListAndQueue.ucStaticTimerQueueStorage)
    [Anonymous Symbol]                       0x20000304   Section        0  timers.o(.bss.prvCheckForValidListAndQueue.ucStaticTimerQueueStorage)
    prvCheckForValidListAndQueue.xStaticTimerQueue 0x200003a4   Data          80  timers.o(.bss.prvCheckForValidListAndQueue.xStaticTimerQueue)
    [Anonymous Symbol]                       0x200003a4   Section        0  timers.o(.bss.prvCheckForValidListAndQueue.xStaticTimerQueue)
    pxReadyTasksLists                        0x200003f4   Data        1120  tasks.o(.bss.pxReadyTasksLists)
    [Anonymous Symbol]                       0x200003f4   Section        0  tasks.o(.bss.pxReadyTasksLists)
    ucHeap                                   0x20000854   Data       102400  heap_4.o(.bss.ucHeap)
    [Anonymous Symbol]                       0x20000854   Section        0  heap_4.o(.bss.ucHeap)
    vApplicationGetIdleTaskMemory.Idle_TCB   0x20019858   Data          92  cmsis_os2.o(.bss.vApplicationGetIdleTaskMemory.Idle_TCB)
    [Anonymous Symbol]                       0x20019858   Section        0  cmsis_os2.o(.bss.vApplicationGetIdleTaskMemory.Idle_TCB)
    vApplicationGetTimerTaskMemory.Timer_Stack 0x200198b4   Data        1024  cmsis_os2.o(.bss.vApplicationGetTimerTaskMemory.Timer_Stack)
    [Anonymous Symbol]                       0x200198b4   Section        0  cmsis_os2.o(.bss.vApplicationGetTimerTaskMemory.Timer_Stack)
    vApplicationGetTimerTaskMemory.Timer_TCB 0x20019cb4   Data          92  cmsis_os2.o(.bss.vApplicationGetTimerTaskMemory.Timer_TCB)
    [Anonymous Symbol]                       0x20019cb4   Section        0  cmsis_os2.o(.bss.vApplicationGetTimerTaskMemory.Timer_TCB)
    STACK                                    0x20019d50   Section     1024  startup_stm32f407xx.o(STACK)
    vApplicationGetIdleTaskMemory.Idle_Stack 0x2001c000   Data       16000  cmsis_os2.o(.bss.vApplicationGetIdleTaskMemory.Idle_Stack)
    [Anonymous Symbol]                       0x2001c000   Section        0  cmsis_os2.o(.bss.vApplicationGetIdleTaskMemory.Idle_Stack)

    Global Symbols

    Symbol Name                              Value     Ov Type        Size  Object(Section)

    BuildAttributes$$THM_ISAv4$E$P$D$K$B$S$7EM$VFPi3$EXTD16$VFPS$VFMA$PE$A:L22UL41UL21$X:L11$S22US41US21$IEEE1$IW$~IW$USESV6$~STKCKD$USESV7$~SHL$OTIME$ROPI$EBA8$MICROLIB$REQ8$PRES8$EABIv2 0x00000000   Number         0  anon$$obj.o ABSOLUTE
    _printf_a                                0x00000000   Number         0  printfstubs.o ABSOLUTE
    _printf_c                                0x00000000   Number         0  printfstubs.o ABSOLUTE
    _printf_charcount                        0x00000000   Number         0  printfstubs.o ABSOLUTE
    _printf_d                                0x00000000   Number         0  printfstubs.o ABSOLUTE
    _printf_e                                0x00000000   Number         0  printfstubs.o ABSOLUTE
    _printf_f                                0x00000000   Number         0  printfstubs.o ABSOLUTE
    _printf_flags                            0x00000000   Number         0  printfstubs.o ABSOLUTE
    _printf_fp_dec                           0x00000000   Number         0  printfstubs.o ABSOLUTE
    _printf_fp_hex                           0x00000000   Number         0  printfstubs.o ABSOLUTE
    _printf_g                                0x00000000   Number         0  printfstubs.o ABSOLUTE
    _printf_i                                0x00000000   Number         0  printfstubs.o ABSOLUTE
    _printf_int_dec                          0x00000000   Number         0  printfstubs.o ABSOLUTE
    _printf_l                                0x00000000   Number         0  printfstubs.o ABSOLUTE
    _printf_lc                               0x00000000   Number         0  printfstubs.o ABSOLUTE
    _printf_ll                               0x00000000   Number         0  printfstubs.o ABSOLUTE
    _printf_lld                              0x00000000   Number         0  printfstubs.o ABSOLUTE
    _printf_lli                              0x00000000   Number         0  printfstubs.o ABSOLUTE
    _printf_llo                              0x00000000   Number         0  printfstubs.o ABSOLUTE
    _printf_llu                              0x00000000   Number         0  printfstubs.o ABSOLUTE
    _printf_llx                              0x00000000   Number         0  printfstubs.o ABSOLUTE
    _printf_longlong_dec                     0x00000000   Number         0  printfstubs.o ABSOLUTE
    _printf_longlong_hex                     0x00000000   Number         0  printfstubs.o ABSOLUTE
    _printf_longlong_oct                     0x00000000   Number         0  printfstubs.o ABSOLUTE
    _printf_ls                               0x00000000   Number         0  printfstubs.o ABSOLUTE
    _printf_mbtowc                           0x00000000   Number         0  printfstubs.o ABSOLUTE
    _printf_n                                0x00000000   Number         0  printfstubs.o ABSOLUTE
    _printf_o                                0x00000000   Number         0  printfstubs.o ABSOLUTE
    _printf_p                                0x00000000   Number         0  printfstubs.o ABSOLUTE
    _printf_percent                          0x00000000   Number         0  printfstubs.o ABSOLUTE
    _printf_pre_padding                      0x00000000   Number         0  printfstubs.o ABSOLUTE
    _printf_return_value                     0x00000000   Number         0  printfstubs.o ABSOLUTE
    _printf_s                                0x00000000   Number         0  printfstubs.o ABSOLUTE
    _printf_sizespec                         0x00000000   Number         0  printfstubs.o ABSOLUTE
    _printf_str                              0x00000000   Number         0  printfstubs.o ABSOLUTE
    _printf_truncate_signed                  0x00000000   Number         0  printfstubs.o ABSOLUTE
    _printf_truncate_unsigned                0x00000000   Number         0  printfstubs.o ABSOLUTE
    _printf_u                                0x00000000   Number         0  printfstubs.o ABSOLUTE
    _printf_wc                               0x00000000   Number         0  printfstubs.o ABSOLUTE
    _printf_wctomb                           0x00000000   Number         0  printfstubs.o ABSOLUTE
    _printf_widthprec                        0x00000000   Number         0  printfstubs.o ABSOLUTE
    _printf_x                                0x00000000   Number         0  printfstubs.o ABSOLUTE
    __cpp_initialize__aeabi_                  - Undefined Weak Reference
    __cxa_finalize                            - Undefined Weak Reference
    __decompress                              - Undefined Weak Reference
    _clock_init                               - Undefined Weak Reference
    _microlib_exit                            - Undefined Weak Reference
    __Vectors_Size                           0x00000188   Number         0  startup_stm32f407xx.o ABSOLUTE
    __Vectors                                0x08000000   Data           4  startup_stm32f407xx.o(RESET)
    __Vectors_End                            0x08000188   Data           0  startup_stm32f407xx.o(RESET)
    __main                                   0x08000189   Thumb Code     0  entry.o(.ARM.Collect$$$$00000000)
    _main_stk                                0x08000189   Thumb Code     0  entry2.o(.ARM.Collect$$$$00000001)
    _main_scatterload                        0x0800018d   Thumb Code     0  entry5.o(.ARM.Collect$$$$00000004)
    __main_after_scatterload                 0x08000191   Thumb Code     0  entry5.o(.ARM.Collect$$$$00000004)
    _main_clock                              0x08000191   Thumb Code     0  entry7b.o(.ARM.Collect$$$$00000008)
    _main_cpp_init                           0x08000191   Thumb Code     0  entry8b.o(.ARM.Collect$$$$0000000A)
    _main_init                               0x08000191   Thumb Code     0  entry9a.o(.ARM.Collect$$$$0000000B)
    __rt_final_cpp                           0x08000199   Thumb Code     0  entry10a.o(.ARM.Collect$$$$0000000D)
    __rt_final_exit                          0x08000199   Thumb Code     0  entry11a.o(.ARM.Collect$$$$0000000F)
    Reset_Handler                            0x0800019d   Thumb Code     8  startup_stm32f407xx.o(.text)
    ADC_IRQHandler                           0x080001b7   Thumb Code     0  startup_stm32f407xx.o(.text)
    CAN1_RX0_IRQHandler                      0x080001b7   Thumb Code     0  startup_stm32f407xx.o(.text)
    CAN1_RX1_IRQHandler                      0x080001b7   Thumb Code     0  startup_stm32f407xx.o(.text)
    CAN1_SCE_IRQHandler                      0x080001b7   Thumb Code     0  startup_stm32f407xx.o(.text)
    CAN1_TX_IRQHandler                       0x080001b7   Thumb Code     0  startup_stm32f407xx.o(.text)
    CAN2_RX0_IRQHandler                      0x080001b7   Thumb Code     0  startup_stm32f407xx.o(.text)
    CAN2_RX1_IRQHandler                      0x080001b7   Thumb Code     0  startup_stm32f407xx.o(.text)
    CAN2_SCE_IRQHandler                      0x080001b7   Thumb Code     0  startup_stm32f407xx.o(.text)
    CAN2_TX_IRQHandler                       0x080001b7   Thumb Code     0  startup_stm32f407xx.o(.text)
    DCMI_IRQHandler                          0x080001b7   Thumb Code     0  startup_stm32f407xx.o(.text)
    DMA1_Stream0_IRQHandler                  0x080001b7   Thumb Code     0  startup_stm32f407xx.o(.text)
    DMA1_Stream1_IRQHandler                  0x080001b7   Thumb Code     0  startup_stm32f407xx.o(.text)
    DMA1_Stream2_IRQHandler                  0x080001b7   Thumb Code     0  startup_stm32f407xx.o(.text)
    DMA1_Stream3_IRQHandler                  0x080001b7   Thumb Code     0  startup_stm32f407xx.o(.text)
    DMA1_Stream4_IRQHandler                  0x080001b7   Thumb Code     0  startup_stm32f407xx.o(.text)
    DMA1_Stream5_IRQHandler                  0x080001b7   Thumb Code     0  startup_stm32f407xx.o(.text)
    DMA1_Stream6_IRQHandler                  0x080001b7   Thumb Code     0  startup_stm32f407xx.o(.text)
    DMA1_Stream7_IRQHandler                  0x080001b7   Thumb Code     0  startup_stm32f407xx.o(.text)
    DMA2_Stream0_IRQHandler                  0x080001b7   Thumb Code     0  startup_stm32f407xx.o(.text)
    DMA2_Stream1_IRQHandler                  0x080001b7   Thumb Code     0  startup_stm32f407xx.o(.text)
    DMA2_Stream2_IRQHandler                  0x080001b7   Thumb Code     0  startup_stm32f407xx.o(.text)
    DMA2_Stream3_IRQHandler                  0x080001b7   Thumb Code     0  startup_stm32f407xx.o(.text)
    DMA2_Stream4_IRQHandler                  0x080001b7   Thumb Code     0  startup_stm32f407xx.o(.text)
    DMA2_Stream5_IRQHandler                  0x080001b7   Thumb Code     0  startup_stm32f407xx.o(.text)
    DMA2_Stream6_IRQHandler                  0x080001b7   Thumb Code     0  startup_stm32f407xx.o(.text)
    DMA2_Stream7_IRQHandler                  0x080001b7   Thumb Code     0  startup_stm32f407xx.o(.text)
    ETH_IRQHandler                           0x080001b7   Thumb Code     0  startup_stm32f407xx.o(.text)
    ETH_WKUP_IRQHandler                      0x080001b7   Thumb Code     0  startup_stm32f407xx.o(.text)
    EXTI0_IRQHandler                         0x080001b7   Thumb Code     0  startup_stm32f407xx.o(.text)
    EXTI15_10_IRQHandler                     0x080001b7   Thumb Code     0  startup_stm32f407xx.o(.text)
    EXTI1_IRQHandler                         0x080001b7   Thumb Code     0  startup_stm32f407xx.o(.text)
    EXTI2_IRQHandler                         0x080001b7   Thumb Code     0  startup_stm32f407xx.o(.text)
    EXTI3_IRQHandler                         0x080001b7   Thumb Code     0  startup_stm32f407xx.o(.text)
    EXTI4_IRQHandler                         0x080001b7   Thumb Code     0  startup_stm32f407xx.o(.text)
    EXTI9_5_IRQHandler                       0x080001b7   Thumb Code     0  startup_stm32f407xx.o(.text)
    FLASH_IRQHandler                         0x080001b7   Thumb Code     0  startup_stm32f407xx.o(.text)
    FMC_IRQHandler                           0x080001b7   Thumb Code     0  startup_stm32f407xx.o(.text)
    FPU_IRQHandler                           0x080001b7   Thumb Code     0  startup_stm32f407xx.o(.text)
    HASH_RNG_IRQHandler                      0x080001b7   Thumb Code     0  startup_stm32f407xx.o(.text)
    I2C1_ER_IRQHandler                       0x080001b7   Thumb Code     0  startup_stm32f407xx.o(.text)
    I2C1_EV_IRQHandler                       0x080001b7   Thumb Code     0  startup_stm32f407xx.o(.text)
    I2C2_ER_IRQHandler                       0x080001b7   Thumb Code     0  startup_stm32f407xx.o(.text)
    I2C2_EV_IRQHandler                       0x080001b7   Thumb Code     0  startup_stm32f407xx.o(.text)
    I2C3_ER_IRQHandler                       0x080001b7   Thumb Code     0  startup_stm32f407xx.o(.text)
    I2C3_EV_IRQHandler                       0x080001b7   Thumb Code     0  startup_stm32f407xx.o(.text)
    OTG_FS_IRQHandler                        0x080001b7   Thumb Code     0  startup_stm32f407xx.o(.text)
    OTG_FS_WKUP_IRQHandler                   0x080001b7   Thumb Code     0  startup_stm32f407xx.o(.text)
    OTG_HS_EP1_IN_IRQHandler                 0x080001b7   Thumb Code     0  startup_stm32f407xx.o(.text)
    OTG_HS_EP1_OUT_IRQHandler                0x080001b7   Thumb Code     0  startup_stm32f407xx.o(.text)
    OTG_HS_IRQHandler                        0x080001b7   Thumb Code     0  startup_stm32f407xx.o(.text)
    OTG_HS_WKUP_IRQHandler                   0x080001b7   Thumb Code     0  startup_stm32f407xx.o(.text)
    PVD_IRQHandler                           0x080001b7   Thumb Code     0  startup_stm32f407xx.o(.text)
    RCC_IRQHandler                           0x080001b7   Thumb Code     0  startup_stm32f407xx.o(.text)
    RTC_Alarm_IRQHandler                     0x080001b7   Thumb Code     0  startup_stm32f407xx.o(.text)
    RTC_WKUP_IRQHandler                      0x080001b7   Thumb Code     0  startup_stm32f407xx.o(.text)
    SDIO_IRQHandler                          0x080001b7   Thumb Code     0  startup_stm32f407xx.o(.text)
    SPI1_IRQHandler                          0x080001b7   Thumb Code     0  startup_stm32f407xx.o(.text)
    SPI2_IRQHandler                          0x080001b7   Thumb Code     0  startup_stm32f407xx.o(.text)
    SPI3_IRQHandler                          0x080001b7   Thumb Code     0  startup_stm32f407xx.o(.text)
    TAMP_STAMP_IRQHandler                    0x080001b7   Thumb Code     0  startup_stm32f407xx.o(.text)
    TIM1_BRK_TIM9_IRQHandler                 0x080001b7   Thumb Code     0  startup_stm32f407xx.o(.text)
    TIM1_CC_IRQHandler                       0x080001b7   Thumb Code     0  startup_stm32f407xx.o(.text)
    TIM1_TRG_COM_TIM11_IRQHandler            0x080001b7   Thumb Code     0  startup_stm32f407xx.o(.text)
    TIM2_IRQHandler                          0x080001b7   Thumb Code     0  startup_stm32f407xx.o(.text)
    TIM3_IRQHandler                          0x080001b7   Thumb Code     0  startup_stm32f407xx.o(.text)
    TIM4_IRQHandler                          0x080001b7   Thumb Code     0  startup_stm32f407xx.o(.text)
    TIM5_IRQHandler                          0x080001b7   Thumb Code     0  startup_stm32f407xx.o(.text)
    TIM6_DAC_IRQHandler                      0x080001b7   Thumb Code     0  startup_stm32f407xx.o(.text)
    TIM7_IRQHandler                          0x080001b7   Thumb Code     0  startup_stm32f407xx.o(.text)
    TIM8_BRK_TIM12_IRQHandler                0x080001b7   Thumb Code     0  startup_stm32f407xx.o(.text)
    TIM8_CC_IRQHandler                       0x080001b7   Thumb Code     0  startup_stm32f407xx.o(.text)
    TIM8_TRG_COM_TIM14_IRQHandler            0x080001b7   Thumb Code     0  startup_stm32f407xx.o(.text)
    TIM8_UP_TIM13_IRQHandler                 0x080001b7   Thumb Code     0  startup_stm32f407xx.o(.text)
    UART4_IRQHandler                         0x080001b7   Thumb Code     0  startup_stm32f407xx.o(.text)
    UART5_IRQHandler                         0x080001b7   Thumb Code     0  startup_stm32f407xx.o(.text)
    USART2_IRQHandler                        0x080001b7   Thumb Code     0  startup_stm32f407xx.o(.text)
    USART3_IRQHandler                        0x080001b7   Thumb Code     0  startup_stm32f407xx.o(.text)
    USART6_IRQHandler                        0x080001b7   Thumb Code     0  startup_stm32f407xx.o(.text)
    WWDG_IRQHandler                          0x080001b7   Thumb Code     0  startup_stm32f407xx.o(.text)
    __aeabi_uldivmod                         0x080001c1   Thumb Code    98  uldiv.o(.text)
    __aeabi_memcpy                           0x08000223   Thumb Code    36  memcpya.o(.text)
    __aeabi_memcpy4                          0x08000223   Thumb Code     0  memcpya.o(.text)
    __aeabi_memcpy8                          0x08000223   Thumb Code     0  memcpya.o(.text)
    __aeabi_memset                           0x08000247   Thumb Code    14  memseta.o(.text)
    __aeabi_memset4                          0x08000247   Thumb Code     0  memseta.o(.text)
    __aeabi_memset8                          0x08000247   Thumb Code     0  memseta.o(.text)
    __aeabi_memclr                           0x08000255   Thumb Code     4  memseta.o(.text)
    __aeabi_memclr4                          0x08000255   Thumb Code     0  memseta.o(.text)
    __aeabi_memclr8                          0x08000255   Thumb Code     0  memseta.o(.text)
    _memset$wrapper                          0x08000259   Thumb Code    18  memseta.o(.text)
    __aeabi_uidiv                            0x0800026b   Thumb Code     0  uidiv.o(.text)
    __aeabi_uidivmod                         0x0800026b   Thumb Code    44  uidiv.o(.text)
    __aeabi_llsl                             0x08000297   Thumb Code    30  llshl.o(.text)
    _ll_shift_l                              0x08000297   Thumb Code     0  llshl.o(.text)
    __aeabi_llsr                             0x080002b5   Thumb Code    32  llushr.o(.text)
    _ll_ushift_r                             0x080002b5   Thumb Code     0  llushr.o(.text)
    __scatterload                            0x080002d5   Thumb Code    38  init.o(.text)
    __scatterload_rt2                        0x080002d5   Thumb Code     0  init.o(.text)
    Ball_Move                                0x08000305   Thumb Code   302  game.o(.text.Ball_Move)
    BusFault_Handler                         0x08000435   Thumb Code     2  stm32f4xx_it.o(.text.BusFault_Handler)
    DebugMon_Handler                         0x08000439   Thumb Code     2  stm32f4xx_it.o(.text.DebugMon_Handler)
    Error_Handler                            0x0800043d   Thumb Code     6  main.o(.text.Error_Handler)
    Game_Initial                             0x08000445   Thumb Code   178  game.o(.text.Game_Initial)
    Game_rotation                            0x080004f9   Thumb Code    32  game.o(.text.Game_rotation)
    HAL_ADC_GetValue                         0x08000519   Thumb Code     6  stm32f4xx_hal_adc.o(.text.HAL_ADC_GetValue)
    HAL_ADC_PollForConversion                0x08000521   Thumb Code   254  stm32f4xx_hal_adc.o(.text.HAL_ADC_PollForConversion)
    HAL_ADC_Start                            0x08000621   Thumb Code   346  stm32f4xx_hal_adc.o(.text.HAL_ADC_Start)
    HAL_DMA_Abort                            0x0800077d   Thumb Code   142  stm32f4xx_hal_dma.o(.text.HAL_DMA_Abort)
    HAL_DMA_Abort_IT                         0x0800080d   Thumb Code    36  stm32f4xx_hal_dma.o(.text.HAL_DMA_Abort_IT)
    HAL_Delay                                0x08000831   Thumb Code    40  stm32f4xx_hal.o(.text.HAL_Delay)
    HAL_GPIO_Init                            0x08000859   Thumb Code   414  stm32f4xx_hal_gpio.o(.text.HAL_GPIO_Init)
    HAL_GPIO_ReadPin                         0x080009f9   Thumb Code    10  stm32f4xx_hal_gpio.o(.text.HAL_GPIO_ReadPin)
    HAL_GPIO_WritePin                        0x08000a05   Thumb Code    10  stm32f4xx_hal_gpio.o(.text.HAL_GPIO_WritePin)
    HAL_GetTick                              0x08000a11   Thumb Code    12  stm32f4xx_hal.o(.text.HAL_GetTick)
    HAL_IncTick                              0x08000a1d   Thumb Code    26  stm32f4xx_hal.o(.text.HAL_IncTick)
    HAL_Init                                 0x08000a39   Thumb Code    54  stm32f4xx_hal.o(.text.HAL_Init)
    HAL_InitTick                             0x08000a71   Thumb Code   170  stm32f4xx_hal_timebase_tim.o(.text.HAL_InitTick)
    HAL_MspInit                              0x08000b1d   Thumb Code    66  stm32f4xx_hal_msp.o(.text.HAL_MspInit)
    HAL_NVIC_EnableIRQ                       0x08000b61   Thumb Code    34  stm32f4xx_hal_cortex.o(.text.HAL_NVIC_EnableIRQ)
    HAL_NVIC_SetPriority                     0x08000b85   Thumb Code    86  stm32f4xx_hal_cortex.o(.text.HAL_NVIC_SetPriority)
    HAL_NVIC_SetPriorityGrouping             0x08000bdd   Thumb Code    32  stm32f4xx_hal_cortex.o(.text.HAL_NVIC_SetPriorityGrouping)
    HAL_RCC_ClockConfig                      0x08000bfd   Thumb Code   356  stm32f4xx_hal_rcc.o(.text.HAL_RCC_ClockConfig)
    HAL_RCC_GetClockConfig                   0x08000d61   Thumb Code    62  stm32f4xx_hal_rcc.o(.text.HAL_RCC_GetClockConfig)
    HAL_RCC_GetPCLK1Freq                     0x08000da1   Thumb Code    38  stm32f4xx_hal_rcc.o(.text.HAL_RCC_GetPCLK1Freq)
    HAL_RCC_GetPCLK2Freq                     0x08000dc9   Thumb Code    38  stm32f4xx_hal_rcc.o(.text.HAL_RCC_GetPCLK2Freq)
    HAL_RCC_GetSysClockFreq                  0x08000df1   Thumb Code   108  stm32f4xx_hal_rcc.o(.text.HAL_RCC_GetSysClockFreq)
    HAL_RCC_OscConfig                        0x08000e5d   Thumb Code   940  stm32f4xx_hal_rcc.o(.text.HAL_RCC_OscConfig)
    HAL_SPI_Init                             0x08001209   Thumb Code   176  stm32f4xx_hal_spi.o(.text.HAL_SPI_Init)
    HAL_SPI_MspInit                          0x080012b9   Thumb Code   118  spi.o(.text.HAL_SPI_MspInit)
    HAL_SPI_Transmit                         0x08001331   Thumb Code   634  stm32f4xx_hal_spi.o(.text.HAL_SPI_Transmit)
    HAL_TIMEx_BreakCallback                  0x080015ad   Thumb Code     2  stm32f4xx_hal_tim_ex.o(.text.HAL_TIMEx_BreakCallback)
    HAL_TIMEx_CommutCallback                 0x080015b1   Thumb Code     2  stm32f4xx_hal_tim_ex.o(.text.HAL_TIMEx_CommutCallback)
    HAL_TIM_Base_Init                        0x080015b5   Thumb Code    90  stm32f4xx_hal_tim.o(.text.HAL_TIM_Base_Init)
    HAL_TIM_Base_MspInit                     0x08001611   Thumb Code     2  stm32f4xx_hal_tim.o(.text.HAL_TIM_Base_MspInit)
    HAL_TIM_Base_Start_IT                    0x08001615   Thumb Code   170  stm32f4xx_hal_tim.o(.text.HAL_TIM_Base_Start_IT)
    HAL_TIM_IC_CaptureCallback               0x080016c1   Thumb Code     2  stm32f4xx_hal_tim.o(.text.HAL_TIM_IC_CaptureCallback)
    HAL_TIM_IRQHandler                       0x080016c5   Thumb Code   334  stm32f4xx_hal_tim.o(.text.HAL_TIM_IRQHandler)
    HAL_TIM_OC_DelayElapsedCallback          0x08001815   Thumb Code     2  stm32f4xx_hal_tim.o(.text.HAL_TIM_OC_DelayElapsedCallback)
    HAL_TIM_PWM_PulseFinishedCallback        0x08001819   Thumb Code     2  stm32f4xx_hal_tim.o(.text.HAL_TIM_PWM_PulseFinishedCallback)
    HAL_TIM_PeriodElapsedCallback            0x0800181d   Thumb Code    18  main.o(.text.HAL_TIM_PeriodElapsedCallback)
    HAL_TIM_TriggerCallback                  0x08001831   Thumb Code     2  stm32f4xx_hal_tim.o(.text.HAL_TIM_TriggerCallback)
    HAL_UARTEx_RxEventCallback               0x08001835   Thumb Code     2  stm32f4xx_hal_uart.o(.text.HAL_UARTEx_RxEventCallback)
    HAL_UART_ErrorCallback                   0x08001839   Thumb Code     2  stm32f4xx_hal_uart.o(.text.HAL_UART_ErrorCallback)
    HAL_UART_IRQHandler                      0x0800183d   Thumb Code  1392  stm32f4xx_hal_uart.o(.text.HAL_UART_IRQHandler)
    HAL_UART_Init                            0x08001dad   Thumb Code    96  stm32f4xx_hal_uart.o(.text.HAL_UART_Init)
    HAL_UART_MspInit                         0x08001e0d   Thumb Code   134  usart.o(.text.HAL_UART_MspInit)
    HAL_UART_RxCpltCallback                  0x08001e95   Thumb Code     2  stm32f4xx_hal_uart.o(.text.HAL_UART_RxCpltCallback)
    HAL_UART_Transmit                        0x08001e99   Thumb Code   402  stm32f4xx_hal_uart.o(.text.HAL_UART_Transmit)
    HAL_UART_TxCpltCallback                  0x0800202d   Thumb Code     2  stm32f4xx_hal_uart.o(.text.HAL_UART_TxCpltCallback)
    HardFault_Handler                        0x08002031   Thumb Code     2  stm32f4xx_it.o(.text.HardFault_Handler)
    ILI9488_Init                             0x08002035   Thumb Code  3624  ili9488.o(.text.ILI9488_Init)
    MX_FREERTOS_Init                         0x08002e71   Thumb Code   256  freertos.o(.text.MX_FREERTOS_Init)
    MX_GPIO_Init                             0x08002fe9   Thumb Code   280  gpio.o(.text.MX_GPIO_Init)
    MX_SPI2_Init                             0x08003101   Thumb Code    70  spi.o(.text.MX_SPI2_Init)
    MX_USART1_UART_Init                      0x08003149   Thumb Code    60  usart.o(.text.MX_USART1_UART_Init)
    MemManage_Handler                        0x08003185   Thumb Code     2  stm32f4xx_it.o(.text.MemManage_Handler)
    NMI_Handler                              0x08003189   Thumb Code     2  stm32f4xx_it.o(.text.NMI_Handler)
    PendSV_Handler                           0x08003191   Thumb Code   100  port.o(.text.PendSV_Handler)
    SVC_Handler                              0x08003321   Thumb Code    36  port.o(.text.SVC_Handler)
    SysTick_Handler                          0x08003345   Thumb Code    30  cmsis_os2.o(.text.SysTick_Handler)
    SystemClock_Config                       0x08003365   Thumb Code   168  main.o(.text.SystemClock_Config)
    SystemInit                               0x0800340d   Thumb Code    18  system_stm32f4xx.o(.text.SystemInit)
    TIM1_UP_TIM10_IRQHandler                 0x08003421   Thumb Code    12  stm32f4xx_it.o(.text.TIM1_UP_TIM10_IRQHandler)
    TIM_Base_SetConfig                       0x0800342d   Thumb Code   324  stm32f4xx_hal_tim.o(.text.TIM_Base_SetConfig)
    Task1Entry                               0x08003571   Thumb Code    84  freertos.o(.text.Task1Entry)
    Task2Entry                               0x080035f1   Thumb Code    84  freertos.o(.text.Task2Entry)
    Task3Entry                               0x0800365d   Thumb Code     8  freertos.o(.text.Task3Entry)
    USART1_IRQHandler                        0x08003859   Thumb Code    12  stm32f4xx_it.o(.text.USART1_IRQHandler)
    UsageFault_Handler                       0x08003865   Thumb Code     2  stm32f4xx_it.o(.text.UsageFault_Handler)
    fillRect                                 0x08003869   Thumb Code   400  ili9488.o(.text.fillRect)
    fillScreen                               0x080039f9   Thumb Code    38  ili9488.o(.text.fillScreen)
    fputc                                    0x08003a21   Thumb Code    32  usart.o(.text.fputc)
    get_adc_value                            0x08003a41   Thumb Code    34  adc.o(.text.get_adc_value)
    main                                     0x08003a65   Thumb Code    96  main.o(.text.main)
    osDelay                                  0x08003b39   Thumb Code    32  cmsis_os2.o(.text.osDelay)
    osKernelInitialize                       0x08003b59   Thumb Code    40  cmsis_os2.o(.text.osKernelInitialize)
    osKernelStart                            0x08003b81   Thumb Code    60  cmsis_os2.o(.text.osKernelStart)
    osMutexNew                               0x08003bbd   Thumb Code   116  cmsis_os2.o(.text.osMutexNew)
    osThreadNew                              0x08003c31   Thumb Code   152  cmsis_os2.o(.text.osThreadNew)
    pvPortMalloc                             0x08004571   Thumb Code   496  heap_4.o(.text.pvPortMalloc)
    pxPortInitialiseStack                    0x08004761   Thumb Code    36  port.o(.text.pxPortInitialiseStack)
    setAddrWindow                            0x08004785   Thumb Code   356  ili9488.o(.text.setAddrWindow)
    setRotation                              0x080048e9   Thumb Code   342  ili9488.o(.text.setRotation)
    uxListRemove                             0x08004a41   Thumb Code    34  list.o(.text.uxListRemove)
    vApplicationGetIdleTaskMemory            0x08004a65   Thumb Code    28  cmsis_os2.o(.text.vApplicationGetIdleTaskMemory)
    vApplicationGetTimerTaskMemory           0x08004a81   Thumb Code    28  cmsis_os2.o(.text.vApplicationGetTimerTaskMemory)
    vListInitialise                          0x08004a9d   Thumb Code    22  list.o(.text.vListInitialise)
    vListInitialiseItem                      0x08004ab5   Thumb Code     6  list.o(.text.vListInitialiseItem)
    vListInsert                              0x08004abd   Thumb Code    98  list.o(.text.vListInsert)
    vListInsertEnd                           0x08004b21   Thumb Code    26  list.o(.text.vListInsertEnd)
    vPortEnterCritical                       0x08004b51   Thumb Code    70  port.o(.text.vPortEnterCritical)
    vPortExitCritical                        0x08004b99   Thumb Code    46  port.o(.text.vPortExitCritical)
    vPortFree                                0x08004bc9   Thumb Code   212  heap_4.o(.text.vPortFree)
    vPortSetupTimerInterrupt                 0x08004c9d   Thumb Code    40  port.o(.text.vPortSetupTimerInterrupt)
    vQueueAddToRegistry                      0x08004cc5   Thumb Code    88  queue.o(.text.vQueueAddToRegistry)
    vQueueWaitForMessageRestricted           0x08004d1d   Thumb Code    82  queue.o(.text.vQueueWaitForMessageRestricted)
    vTaskDelay                               0x08004d71   Thumb Code   128  tasks.o(.text.vTaskDelay)
    vTaskInternalSetTimeOutState             0x08004df1   Thumb Code    18  tasks.o(.text.vTaskInternalSetTimeOutState)
    vTaskMissedYield                         0x08004e05   Thumb Code    14  tasks.o(.text.vTaskMissedYield)
    vTaskPlaceOnEventList                    0x08004e15   Thumb Code   116  tasks.o(.text.vTaskPlaceOnEventList)
    vTaskPlaceOnEventListRestricted          0x08004e89   Thumb Code   122  tasks.o(.text.vTaskPlaceOnEventListRestricted)
    vTaskStartScheduler                      0x08004f05   Thumb Code   244  tasks.o(.text.vTaskStartScheduler)
    vTaskSuspendAll                          0x08005031   Thumb Code    16  tasks.o(.text.vTaskSuspendAll)
    vTaskSwitchContext                       0x08005041   Thumb Code   204  tasks.o(.text.vTaskSwitchContext)
    xPortStartScheduler                      0x0800510d   Thumb Code   396  port.o(.text.xPortStartScheduler)
    xPortSysTickHandler                      0x080052e9   Thumb Code    46  port.o(.text.xPortSysTickHandler)
    xQueueCreateMutex                        0x08005319   Thumb Code   112  queue.o(.text.xQueueCreateMutex)
    xQueueCreateMutexStatic                  0x08005389   Thumb Code   162  queue.o(.text.xQueueCreateMutexStatic)
    xQueueGenericCreateStatic                0x0800542d   Thumb Code   218  queue.o(.text.xQueueGenericCreateStatic)
    xQueueGenericSend                        0x08005509   Thumb Code   704  queue.o(.text.xQueueGenericSend)
    xQueueReceive                            0x080057c9   Thumb Code   574  queue.o(.text.xQueueReceive)
    xTaskCheckForTimeOut                     0x08005a09   Thumb Code   154  tasks.o(.text.xTaskCheckForTimeOut)
    xTaskCreate                              0x08005aa5   Thumb Code    96  tasks.o(.text.xTaskCreate)
    xTaskCreateStatic                        0x08005b05   Thumb Code   118  tasks.o(.text.xTaskCreateStatic)
    xTaskGetSchedulerState                   0x08005b7d   Thumb Code    30  tasks.o(.text.xTaskGetSchedulerState)
    xTaskGetTickCount                        0x08005b9d   Thumb Code    12  tasks.o(.text.xTaskGetTickCount)
    xTaskIncrementTick                       0x08005ba9   Thumb Code   260  tasks.o(.text.xTaskIncrementTick)
    xTaskPriorityDisinherit                  0x08005cad   Thumb Code   142  tasks.o(.text.xTaskPriorityDisinherit)
    xTaskRemoveFromEventList                 0x08005d3d   Thumb Code   114  tasks.o(.text.xTaskRemoveFromEventList)
    xTaskResumeAll                           0x08005db1   Thumb Code   238  tasks.o(.text.xTaskResumeAll)
    xTimerCreateTimerTask                    0x08005ea1   Thumb Code   172  timers.o(.text.xTimerCreateTimerTask)
    __0printf$6                              0x08005f55   Thumb Code    22  printf6.o(i.__0printf$6)
    __1printf$6                              0x08005f55   Thumb Code     0  printf6.o(i.__0printf$6)
    __2printf                                0x08005f55   Thumb Code     0  printf6.o(i.__0printf$6)
    __scatterload_copy                       0x08005f75   Thumb Code    14  handlers.o(i.__scatterload_copy)
    __scatterload_null                       0x08005f83   Thumb Code     2  handlers.o(i.__scatterload_null)
    __scatterload_zeroinit                   0x08005f85   Thumb Code    14  handlers.o(i.__scatterload_zeroinit)
    puts                                     0x080062d9   Thumb Code    30  puts.o(i.puts)
    AHBPrescTable                            0x08006330   Data          16  system_stm32f4xx.o(.rodata.AHBPrescTable)
    APBPrescTable                            0x08006340   Data           8  system_stm32f4xx.o(.rodata.APBPrescTable)
    Region$$Table$$Base                      0x08006378   Number         0  anon$$obj.o(Region$$Table)
    Region$$Table$$Limit                     0x080063a8   Number         0  anon$$obj.o(Region$$Table)
    __stdout                                 0x20000000   Data           4  stdout.o(.data)
    Stick                                    0x20000004   Data          16  game.o(.data..L_MergedGlobals)
    Ball                                     0x20000014   Data          20  game.o(.data..L_MergedGlobals)
    Board                                    0x20000028   Data          36  game.o(.data..L_MergedGlobals)
    uwTickFreq                               0x2000004c   Data           1  stm32f4xx_hal.o(.data..L_MergedGlobals)
    uwTickPrio                               0x20000050   Data           4  stm32f4xx_hal.o(.data..L_MergedGlobals)
    SystemCoreClock                          0x20000054   Data           4  system_stm32f4xx.o(.data.SystemCoreClock)
    LCD_cur_width                            0x20000060   Data           2  ili9488.o(.bss..L_MergedGlobals)
    LCD_cur_height                           0x20000062   Data           2  ili9488.o(.bss..L_MergedGlobals)
    Mutex_LCDHandle                          0x200000bc   Data           4  freertos.o(.bss..L_MergedGlobals)
    Task1Handle                              0x200000c0   Data           4  freertos.o(.bss..L_MergedGlobals)
    Task2Handle                              0x200000c4   Data           4  freertos.o(.bss..L_MergedGlobals)
    Task3Handle                              0x200000c8   Data           4  freertos.o(.bss..L_MergedGlobals)
    pxCurrentTCB                             0x200000cc   Data           4  tasks.o(.bss..L_MergedGlobals)
    hadc1                                    0x200001d4   Data          72  adc.o(.bss.hadc1)
    hspi2                                    0x2000021c   Data          88  spi.o(.bss.hspi2)
    htim1                                    0x20000274   Data          72  stm32f4xx_hal_timebase_tim.o(.bss.htim1)
    huart1                                   0x200002bc   Data          72  usart.o(.bss.huart1)
    uwTick                                   0x20019854   Data           4  stm32f4xx_hal.o(.bss.uwTick)
    xQueueRegistry                           0x20019d10   Data          64  queue.o(.bss.xQueueRegistry)
    __initial_sp                             0x2001a150   Data           0  startup_stm32f407xx.o(STACK)



==============================================================================

Memory Map of the image

  Image Entry point : 0x08000189

  Load Region LR_IROM1 (Base: 0x08000000, Size: 0x00006408, Max: 0x00080000, ABSOLUTE)

    Execution Region ER_IROM1 (Exec base: 0x08000000, Load base: 0x08000000, Size: 0x000063a8, Max: 0x00080000, ABSOLUTE)

    Exec Addr    Load Addr    Size         Type   Attr      Idx    E Section Name        Object

    0x08000000   0x08000000   0x00000188   Data   RO            3    RESET               startup_stm32f407xx.o
    0x08000188   0x08000188   0x00000000   Code   RO         1868  * .ARM.Collect$$$$00000000  mc_w.l(entry.o)
    0x08000188   0x08000188   0x00000004   Code   RO         2144    .ARM.Collect$$$$00000001  mc_w.l(entry2.o)
    0x0800018c   0x0800018c   0x00000004   Code   RO         2147    .ARM.Collect$$$$00000004  mc_w.l(entry5.o)
    0x08000190   0x08000190   0x00000000   Code   RO         2149    .ARM.Collect$$$$00000008  mc_w.l(entry7b.o)
    0x08000190   0x08000190   0x00000000   Code   RO         2151    .ARM.Collect$$$$0000000A  mc_w.l(entry8b.o)
    0x08000190   0x08000190   0x00000008   Code   RO         2152    .ARM.Collect$$$$0000000B  mc_w.l(entry9a.o)
    0x08000198   0x08000198   0x00000000   Code   RO         2154    .ARM.Collect$$$$0000000D  mc_w.l(entry10a.o)
    0x08000198   0x08000198   0x00000000   Code   RO         2156    .ARM.Collect$$$$0000000F  mc_w.l(entry11a.o)
    0x08000198   0x08000198   0x00000004   Code   RO         2145    .ARM.Collect$$$$00002712  mc_w.l(entry2.o)
    0x0800019c   0x0800019c   0x00000024   Code   RO            4    .text               startup_stm32f407xx.o
    0x080001c0   0x080001c0   0x00000062   Code   RO         1875    .text               mc_w.l(uldiv.o)
    0x08000222   0x08000222   0x00000024   Code   RO         1877    .text               mc_w.l(memcpya.o)
    0x08000246   0x08000246   0x00000024   Code   RO         1879    .text               mc_w.l(memseta.o)
    0x0800026a   0x0800026a   0x0000002c   Code   RO         2168    .text               mc_w.l(uidiv.o)
    0x08000296   0x08000296   0x0000001e   Code   RO         2170    .text               mc_w.l(llshl.o)
    0x080002b4   0x080002b4   0x00000020   Code   RO         2172    .text               mc_w.l(llushr.o)
    0x080002d4   0x080002d4   0x00000030   Code   RO         2185    .text               mc_w.l(init.o)
    0x08000304   0x08000304   0x0000012e   Code   RO          213    .text.Ball_Move     game.o
    0x08000432   0x08000432   0x00000002   PAD
    0x08000434   0x08000434   0x00000002   Code   RO          164    .text.BusFault_Handler  stm32f4xx_it.o
    0x08000436   0x08000436   0x00000002   PAD
    0x08000438   0x08000438   0x00000002   Code   RO          168    .text.DebugMon_Handler  stm32f4xx_it.o
    0x0800043a   0x0800043a   0x00000002   PAD
    0x0800043c   0x0800043c   0x00000006   Code   RO           79    .text.Error_Handler  main.o
    0x08000442   0x08000442   0x00000002   PAD
    0x08000444   0x08000444   0x000000b2   Code   RO          209    .text.Game_Initial  game.o
    0x080004f6   0x080004f6   0x00000002   PAD
    0x080004f8   0x080004f8   0x00000020   Code   RO          219    .text.Game_rotation  game.o
    0x08000518   0x08000518   0x00000006   Code   RO         1227    .text.HAL_ADC_GetValue  stm32f4xx_hal_adc.o
    0x0800051e   0x0800051e   0x00000002   PAD
    0x08000520   0x08000520   0x000000fe   Code   RO         1201    .text.HAL_ADC_PollForConversion  stm32f4xx_hal_adc.o
    0x0800061e   0x0800061e   0x00000002   PAD
    0x08000620   0x08000620   0x0000015a   Code   RO         1197    .text.HAL_ADC_Start  stm32f4xx_hal_adc.o
    0x0800077a   0x0800077a   0x00000002   PAD
    0x0800077c   0x0800077c   0x0000008e   Code   RO          405    .text.HAL_DMA_Abort  stm32f4xx_hal_dma.o
    0x0800080a   0x0800080a   0x00000002   PAD
    0x0800080c   0x0800080c   0x00000024   Code   RO          407    .text.HAL_DMA_Abort_IT  stm32f4xx_hal_dma.o
    0x08000830   0x08000830   0x00000028   Code   RO          564    .text.HAL_Delay     stm32f4xx_hal.o
    0x08000858   0x08000858   0x0000019e   Code   RO          359    .text.HAL_GPIO_Init  stm32f4xx_hal_gpio.o
    0x080009f6   0x080009f6   0x00000002   PAD
    0x080009f8   0x080009f8   0x0000000a   Code   RO          363    .text.HAL_GPIO_ReadPin  stm32f4xx_hal_gpio.o
    0x08000a02   0x08000a02   0x00000002   PAD
    0x08000a04   0x08000a04   0x0000000a   Code   RO          365    .text.HAL_GPIO_WritePin  stm32f4xx_hal_gpio.o
    0x08000a0e   0x08000a0e   0x00000002   PAD
    0x08000a10   0x08000a10   0x0000000c   Code   RO          556    .text.HAL_GetTick   stm32f4xx_hal.o
    0x08000a1c   0x08000a1c   0x0000001a   Code   RO          554    .text.HAL_IncTick   stm32f4xx_hal.o
    0x08000a36   0x08000a36   0x00000002   PAD
    0x08000a38   0x08000a38   0x00000036   Code   RO          544    .text.HAL_Init      stm32f4xx_hal.o
    0x08000a6e   0x08000a6e   0x00000002   PAD
    0x08000a70   0x08000a70   0x000000aa   Code   RO          190    .text.HAL_InitTick  stm32f4xx_hal_timebase_tim.o
    0x08000b1a   0x08000b1a   0x00000002   PAD
    0x08000b1c   0x08000b1c   0x00000042   Code   RO          181    .text.HAL_MspInit   stm32f4xx_hal_msp.o
    0x08000b5e   0x08000b5e   0x00000002   PAD
    0x08000b60   0x08000b60   0x00000022   Code   RO          496    .text.HAL_NVIC_EnableIRQ  stm32f4xx_hal_cortex.o
    0x08000b82   0x08000b82   0x00000002   PAD
    0x08000b84   0x08000b84   0x00000056   Code   RO          494    .text.HAL_NVIC_SetPriority  stm32f4xx_hal_cortex.o
    0x08000bda   0x08000bda   0x00000002   PAD
    0x08000bdc   0x08000bdc   0x00000020   Code   RO          492    .text.HAL_NVIC_SetPriorityGrouping  stm32f4xx_hal_cortex.o
    0x08000bfc   0x08000bfc   0x00000164   Code   RO          253    .text.HAL_RCC_ClockConfig  stm32f4xx_hal_rcc.o
    0x08000d60   0x08000d60   0x0000003e   Code   RO          271    .text.HAL_RCC_GetClockConfig  stm32f4xx_hal_rcc.o
    0x08000d9e   0x08000d9e   0x00000002   PAD
    0x08000da0   0x08000da0   0x00000026   Code   RO          265    .text.HAL_RCC_GetPCLK1Freq  stm32f4xx_hal_rcc.o
    0x08000dc6   0x08000dc6   0x00000002   PAD
    0x08000dc8   0x08000dc8   0x00000026   Code   RO          267    .text.HAL_RCC_GetPCLK2Freq  stm32f4xx_hal_rcc.o
    0x08000dee   0x08000dee   0x00000002   PAD
    0x08000df0   0x08000df0   0x0000006c   Code   RO          255    .text.HAL_RCC_GetSysClockFreq  stm32f4xx_hal_rcc.o
    0x08000e5c   0x08000e5c   0x000003ac   Code   RO          251    .text.HAL_RCC_OscConfig  stm32f4xx_hal_rcc.o
    0x08001208   0x08001208   0x000000b0   Code   RO          634    .text.HAL_SPI_Init  stm32f4xx_hal_spi.o
    0x080012b8   0x080012b8   0x00000076   Code   RO          126    .text.HAL_SPI_MspInit  spi.o
    0x0800132e   0x0800132e   0x00000002   PAD
    0x08001330   0x08001330   0x0000027a   Code   RO          642    .text.HAL_SPI_Transmit  stm32f4xx_hal_spi.o
    0x080015aa   0x080015aa   0x00000002   PAD
    0x080015ac   0x080015ac   0x00000002   Code   RO         1053    .text.HAL_TIMEx_BreakCallback  stm32f4xx_hal_tim_ex.o
    0x080015ae   0x080015ae   0x00000002   PAD
    0x080015b0   0x080015b0   0x00000002   Code   RO         1049    .text.HAL_TIMEx_CommutCallback  stm32f4xx_hal_tim_ex.o
    0x080015b2   0x080015b2   0x00000002   PAD
    0x080015b4   0x080015b4   0x0000005a   Code   RO          748    .text.HAL_TIM_Base_Init  stm32f4xx_hal_tim.o
    0x0800160e   0x0800160e   0x00000002   PAD
    0x08001610   0x08001610   0x00000002   Code   RO          750    .text.HAL_TIM_Base_MspInit  stm32f4xx_hal_tim.o
    0x08001612   0x08001612   0x00000002   PAD
    0x08001614   0x08001614   0x000000aa   Code   RO          762    .text.HAL_TIM_Base_Start_IT  stm32f4xx_hal_tim.o
    0x080016be   0x080016be   0x00000002   PAD
    0x080016c0   0x080016c0   0x00000002   Code   RO          884    .text.HAL_TIM_IC_CaptureCallback  stm32f4xx_hal_tim.o
    0x080016c2   0x080016c2   0x00000002   PAD
    0x080016c4   0x080016c4   0x0000014e   Code   RO          882    .text.HAL_TIM_IRQHandler  stm32f4xx_hal_tim.o
    0x08001812   0x08001812   0x00000002   PAD
    0x08001814   0x08001814   0x00000002   Code   RO          886    .text.HAL_TIM_OC_DelayElapsedCallback  stm32f4xx_hal_tim.o
    0x08001816   0x08001816   0x00000002   PAD
    0x08001818   0x08001818   0x00000002   Code   RO          888    .text.HAL_TIM_PWM_PulseFinishedCallback  stm32f4xx_hal_tim.o
    0x0800181a   0x0800181a   0x00000002   PAD
    0x0800181c   0x0800181c   0x00000012   Code   RO           81    .text.HAL_TIM_PeriodElapsedCallback  main.o
    0x0800182e   0x0800182e   0x00000002   PAD
    0x08001830   0x08001830   0x00000002   Code   RO          892    .text.HAL_TIM_TriggerCallback  stm32f4xx_hal_tim.o
    0x08001832   0x08001832   0x00000002   PAD
    0x08001834   0x08001834   0x00000002   Code   RO         1153    .text.HAL_UARTEx_RxEventCallback  stm32f4xx_hal_uart.o
    0x08001836   0x08001836   0x00000002   PAD
    0x08001838   0x08001838   0x00000002   Code   RO         1151    .text.HAL_UART_ErrorCallback  stm32f4xx_hal_uart.o
    0x0800183a   0x0800183a   0x00000002   PAD
    0x0800183c   0x0800183c   0x00000570   Code   RO         1145    .text.HAL_UART_IRQHandler  stm32f4xx_hal_uart.o
    0x08001dac   0x08001dac   0x00000060   Code   RO         1067    .text.HAL_UART_Init  stm32f4xx_hal_uart.o
    0x08001e0c   0x08001e0c   0x00000086   Code   RO          141    .text.HAL_UART_MspInit  usart.o
    0x08001e92   0x08001e92   0x00000002   PAD
    0x08001e94   0x08001e94   0x00000002   Code   RO         1159    .text.HAL_UART_RxCpltCallback  stm32f4xx_hal_uart.o
    0x08001e96   0x08001e96   0x00000002   PAD
    0x08001e98   0x08001e98   0x00000192   Code   RO         1083    .text.HAL_UART_Transmit  stm32f4xx_hal_uart.o
    0x0800202a   0x0800202a   0x00000002   PAD
    0x0800202c   0x0800202c   0x00000002   Code   RO         1155    .text.HAL_UART_TxCpltCallback  stm32f4xx_hal_uart.o
    0x0800202e   0x0800202e   0x00000002   PAD
    0x08002030   0x08002030   0x00000002   Code   RO          160    .text.HardFault_Handler  stm32f4xx_it.o
    0x08002032   0x08002032   0x00000002   PAD
    0x08002034   0x08002034   0x00000e3c   Code   RO           23    .text.ILI9488_Init  ili9488.o
    0x08002e70   0x08002e70   0x00000178   Code   RO          103    .text.MX_FREERTOS_Init  freertos.o
    0x08002fe8   0x08002fe8   0x00000118   Code   RO           92    .text.MX_GPIO_Init  gpio.o
    0x08003100   0x08003100   0x00000046   Code   RO          124    .text.MX_SPI2_Init  spi.o
    0x08003146   0x08003146   0x00000002   PAD
    0x08003148   0x08003148   0x0000003c   Code   RO          139    .text.MX_USART1_UART_Init  usart.o
    0x08003184   0x08003184   0x00000002   Code   RO          162    .text.MemManage_Handler  stm32f4xx_it.o
    0x08003186   0x08003186   0x00000002   PAD
    0x08003188   0x08003188   0x00000002   Code   RO          158    .text.NMI_Handler   stm32f4xx_it.o
    0x0800318a   0x0800318a   0x00000006   PAD
    0x08003190   0x08003190   0x00000064   Code   RO         1853    .text.PendSV_Handler  port.o
    0x080031f4   0x080031f4   0x00000120   Code   RO          738    .text.SPI_WaitFlagStateUntilTimeout  stm32f4xx_hal_spi.o
    0x08003314   0x08003314   0x0000000c   PAD
    0x08003320   0x08003320   0x00000024   Code   RO         1837    .text.SVC_Handler   port.o
    0x08003344   0x08003344   0x0000001e   Code   RO         1647    .text.SysTick_Handler  cmsis_os2.o
    0x08003362   0x08003362   0x00000002   PAD
    0x08003364   0x08003364   0x000000a8   Code   RO           77    .text.SystemClock_Config  main.o
    0x0800340c   0x0800340c   0x00000012   Code   RO         1285    .text.SystemInit    system_stm32f4xx.o
    0x0800341e   0x0800341e   0x00000002   PAD
    0x08003420   0x08003420   0x0000000c   Code   RO          170    .text.TIM1_UP_TIM10_IRQHandler  stm32f4xx_it.o
    0x0800342c   0x0800342c   0x00000144   Code   RO          752    .text.TIM_Base_SetConfig  stm32f4xx_hal_tim.o
    0x08003570   0x08003570   0x00000080   Code   RO          105    .text.Task1Entry    freertos.o
    0x080035f0   0x080035f0   0x0000006c   Code   RO          107    .text.Task2Entry    freertos.o
    0x0800365c   0x0800365c   0x00000008   Code   RO          109    .text.Task3Entry    freertos.o
    0x08003664   0x08003664   0x0000000c   Code   RO         1149    .text.UART_DMAAbortOnError  stm32f4xx_hal_uart.o
    0x08003670   0x08003670   0x000000fe   Code   RO         1147    .text.UART_Receive_IT  stm32f4xx_hal_uart.o
    0x0800376e   0x0800376e   0x00000002   PAD
    0x08003770   0x08003770   0x000000e6   Code   RO         1071    .text.UART_SetConfig  stm32f4xx_hal_uart.o
    0x08003856   0x08003856   0x00000002   PAD
    0x08003858   0x08003858   0x0000000c   Code   RO          172    .text.USART1_IRQHandler  stm32f4xx_it.o
    0x08003864   0x08003864   0x00000002   Code   RO          166    .text.UsageFault_Handler  stm32f4xx_it.o
    0x08003866   0x08003866   0x00000002   PAD
    0x08003868   0x08003868   0x00000190   Code   RO           51    .text.fillRect      ili9488.o
    0x080039f8   0x080039f8   0x00000026   Code   RO           49    .text.fillScreen    ili9488.o
    0x08003a1e   0x08003a1e   0x00000002   PAD
    0x08003a20   0x08003a20   0x00000020   Code   RO          145    .text.fputc         usart.o
    0x08003a40   0x08003a40   0x00000022   Code   RO          238    .text.get_adc_value  adc.o
    0x08003a62   0x08003a62   0x00000002   PAD
    0x08003a64   0x08003a64   0x000000d4   Code   RO           75    .text.main          main.o
    0x08003b38   0x08003b38   0x00000020   Code   RO         1707    .text.osDelay       cmsis_os2.o
    0x08003b58   0x08003b58   0x00000028   Code   RO         1649    .text.osKernelInitialize  cmsis_os2.o
    0x08003b80   0x08003b80   0x0000003c   Code   RO         1655    .text.osKernelStart  cmsis_os2.o
    0x08003bbc   0x08003bbc   0x00000074   Code   RO         1737    .text.osMutexNew    cmsis_os2.o
    0x08003c30   0x08003c30   0x00000098   Code   RO         1671    .text.osThreadNew   cmsis_os2.o
    0x08003cc8   0x08003cc8   0x000002c4   Code   RO         1482    .text.prvAddNewTaskToReadyList  tasks.o
    0x08003f8c   0x08003f8c   0x00000086   Code   RO         1514    .text.prvIdleTask   tasks.o
    0x08004012   0x08004012   0x00000002   PAD
    0x08004014   0x08004014   0x00000104   Code   RO         1480    .text.prvInitialiseNewTask  tasks.o
    0x08004118   0x08004118   0x00000028   Code   RO         1845    .text.prvPortStartFirstTask  port.o
    0x08004140   0x08004140   0x0000003e   Code   RO         1835    .text.prvTaskExitError  port.o
    0x0800417e   0x0800417e   0x00000002   PAD
    0x08004180   0x08004180   0x0000037a   Code   RO         1599    .text.prvTimerTask  timers.o
    0x080044fa   0x080044fa   0x00000002   PAD
    0x080044fc   0x080044fc   0x00000074   Code   RO         1381    .text.prvUnlockQueue  queue.o
    0x08004570   0x08004570   0x000001f0   Code   RO         1811    .text.pvPortMalloc  heap_4.o
    0x08004760   0x08004760   0x00000024   Code   RO         1833    .text.pxPortInitialiseStack  port.o
    0x08004784   0x08004784   0x00000164   Code   RO           25    .text.setAddrWindow  ili9488.o
    0x080048e8   0x080048e8   0x00000156   Code   RO           53    .text.setRotation   ili9488.o
    0x08004a3e   0x08004a3e   0x00000002   PAD
    0x08004a40   0x08004a40   0x00000022   Code   RO         1345    .text.uxListRemove  list.o
    0x08004a62   0x08004a62   0x00000002   PAD
    0x08004a64   0x08004a64   0x0000001c   Code   RO         1793    .text.vApplicationGetIdleTaskMemory  cmsis_os2.o
    0x08004a80   0x08004a80   0x0000001c   Code   RO         1795    .text.vApplicationGetTimerTaskMemory  cmsis_os2.o
    0x08004a9c   0x08004a9c   0x00000016   Code   RO         1337    .text.vListInitialise  list.o
    0x08004ab2   0x08004ab2   0x00000002   PAD
    0x08004ab4   0x08004ab4   0x00000006   Code   RO         1339    .text.vListInitialiseItem  list.o
    0x08004aba   0x08004aba   0x00000002   PAD
    0x08004abc   0x08004abc   0x00000062   Code   RO         1343    .text.vListInsert   list.o
    0x08004b1e   0x08004b1e   0x00000002   PAD
    0x08004b20   0x08004b20   0x0000001a   Code   RO         1341    .text.vListInsertEnd  list.o
    0x08004b3a   0x08004b3a   0x00000002   PAD
    0x08004b3c   0x08004b3c   0x00000014   Code   RO         1843    .text.vPortEnableVFP  port.o
    0x08004b50   0x08004b50   0x00000046   Code   RO         1849    .text.vPortEnterCritical  port.o
    0x08004b96   0x08004b96   0x00000002   PAD
    0x08004b98   0x08004b98   0x0000002e   Code   RO         1851    .text.vPortExitCritical  port.o
    0x08004bc6   0x08004bc6   0x00000002   PAD
    0x08004bc8   0x08004bc8   0x000000d4   Code   RO         1813    .text.vPortFree     heap_4.o
    0x08004c9c   0x08004c9c   0x00000028   Code   RO         1841    .text.vPortSetupTimerInterrupt  port.o
    0x08004cc4   0x08004cc4   0x00000058   Code   RO         1415    .text.vQueueAddToRegistry  queue.o
    0x08004d1c   0x08004d1c   0x00000052   Code   RO         1419    .text.vQueueWaitForMessageRestricted  queue.o
    0x08004d6e   0x08004d6e   0x00000002   PAD
    0x08004d70   0x08004d70   0x00000080   Code   RO         1494    .text.vTaskDelay    tasks.o
    0x08004df0   0x08004df0   0x00000012   Code   RO         1544    .text.vTaskInternalSetTimeOutState  tasks.o
    0x08004e02   0x08004e02   0x00000002   PAD
    0x08004e04   0x08004e04   0x0000000e   Code   RO         1548    .text.vTaskMissedYield  tasks.o
    0x08004e12   0x08004e12   0x00000002   PAD
    0x08004e14   0x08004e14   0x00000074   Code   RO         1532    .text.vTaskPlaceOnEventList  tasks.o
    0x08004e88   0x08004e88   0x0000007a   Code   RO         1536    .text.vTaskPlaceOnEventListRestricted  tasks.o
    0x08004f02   0x08004f02   0x00000002   PAD
    0x08004f04   0x08004f04   0x0000012c   Code   RO         1512    .text.vTaskStartScheduler  tasks.o
    0x08005030   0x08005030   0x00000010   Code   RO         1490    .text.vTaskSuspendAll  tasks.o
    0x08005040   0x08005040   0x000000cc   Code   RO         1506    .text.vTaskSwitchContext  tasks.o
    0x0800510c   0x0800510c   0x000001dc   Code   RO         1839    .text.xPortStartScheduler  port.o
    0x080052e8   0x080052e8   0x0000002e   Code   RO         1855    .text.xPortSysTickHandler  port.o
    0x08005316   0x08005316   0x00000002   PAD
    0x08005318   0x08005318   0x00000070   Code   RO         1361    .text.xQueueCreateMutex  queue.o
    0x08005388   0x08005388   0x000000a2   Code   RO         1363    .text.xQueueCreateMutexStatic  queue.o
    0x0800542a   0x0800542a   0x00000002   PAD
    0x0800542c   0x0800542c   0x000000da   Code   RO         1357    .text.xQueueGenericCreateStatic  queue.o
    0x08005506   0x08005506   0x00000002   PAD
    0x08005508   0x08005508   0x000002c0   Code   RO         1371    .text.xQueueGenericSend  queue.o
    0x080057c8   0x080057c8   0x0000023e   Code   RO         1387    .text.xQueueReceive  queue.o
    0x08005a06   0x08005a06   0x00000002   PAD
    0x08005a08   0x08005a08   0x0000009a   Code   RO         1546    .text.xTaskCheckForTimeOut  tasks.o
    0x08005aa2   0x08005aa2   0x00000002   PAD
    0x08005aa4   0x08005aa4   0x00000060   Code   RO         1484    .text.xTaskCreate   tasks.o
    0x08005b04   0x08005b04   0x00000076   Code   RO         1478    .text.xTaskCreateStatic  tasks.o
    0x08005b7a   0x08005b7a   0x00000002   PAD
    0x08005b7c   0x08005b7c   0x0000001e   Code   RO         1560    .text.xTaskGetSchedulerState  tasks.o
    0x08005b9a   0x08005b9a   0x00000002   PAD
    0x08005b9c   0x08005b9c   0x0000000c   Code   RO         1520    .text.xTaskGetTickCount  tasks.o
    0x08005ba8   0x08005ba8   0x00000104   Code   RO         1518    .text.xTaskIncrementTick  tasks.o
    0x08005cac   0x08005cac   0x0000008e   Code   RO         1564    .text.xTaskPriorityDisinherit  tasks.o
    0x08005d3a   0x08005d3a   0x00000002   PAD
    0x08005d3c   0x08005d3c   0x00000072   Code   RO         1538    .text.xTaskRemoveFromEventList  tasks.o
    0x08005dae   0x08005dae   0x00000002   PAD
    0x08005db0   0x08005db0   0x000000ee   Code   RO         1492    .text.xTaskResumeAll  tasks.o
    0x08005e9e   0x08005e9e   0x00000002   PAD
    0x08005ea0   0x08005ea0   0x000000b4   Code   RO         1597    .text.xTimerCreateTimerTask  timers.o
    0x08005f54   0x08005f54   0x00000020   Code   RO         2038    i.__0printf$6       mc_w.l(printf6.o)
    0x08005f74   0x08005f74   0x0000000e   Code   RO         2193    i.__scatterload_copy  mc_w.l(handlers.o)
    0x08005f82   0x08005f82   0x00000002   Code   RO         2194    i.__scatterload_null  mc_w.l(handlers.o)
    0x08005f84   0x08005f84   0x0000000e   Code   RO         2195    i.__scatterload_zeroinit  mc_w.l(handlers.o)
    0x08005f92   0x08005f92   0x00000002   PAD
    0x08005f94   0x08005f94   0x000002f0   Code   RO         2045    i._printf_core      mc_w.l(printf6.o)
    0x08006284   0x08006284   0x00000024   Code   RO         2046    i._printf_post_padding  mc_w.l(printf6.o)
    0x080062a8   0x080062a8   0x0000002e   Code   RO         2047    i._printf_pre_padding  mc_w.l(printf6.o)
    0x080062d6   0x080062d6   0x00000002   PAD
    0x080062d8   0x080062d8   0x00000024   Code   RO         1871    i.puts              mc_w.l(puts.o)
    0x080062fc   0x080062fc   0x00000034   Data   RO          114    .rodata..L__const.MX_FREERTOS_Init.Task1_attributes  freertos.o
    0x08006330   0x08006330   0x00000010   Data   RO         1290    .rodata.AHBPrescTable  system_stm32f4xx.o
    0x08006340   0x08006340   0x00000008   Data   RO         1291    .rodata.APBPrescTable  system_stm32f4xx.o
    0x08006348   0x08006348   0x0000002a   Data   RO          113    .rodata.str1.1      freertos.o
    0x08006372   0x08006372   0x00000005   Data   RO         1637    .rodata.str1.1      timers.o
    0x08006377   0x08006377   0x00000001   PAD
    0x08006378   0x08006378   0x00000030   Data   RO         2192    Region$$Table       anon$$obj.o


    Execution Region RW_IRAM1 (Exec base: 0x20000000, Load base: 0x080063a8, Size: 0x0001a150, Max: 0x0001c000, ABSOLUTE)

    Exec Addr    Load Addr    Size         Type   Attr      Idx    E Section Name        Object

    0x20000000   0x080063a8   0x00000004   Data   RW         2158    .data               mc_w.l(stdout.o)
    0x20000004   0x080063ac   0x00000048   Data   RW          223    .data..L_MergedGlobals  game.o
    0x2000004c   0x080063f4   0x00000008   Data   RW          599    .data..L_MergedGlobals  stm32f4xx_hal.o
    0x20000054   0x080063fc   0x00000004   Data   RW         1289    .data.SystemCoreClock  system_stm32f4xx.o
    0x20000058   0x08006400   0x00000004   Data   RW         1859    .data.uxCriticalNesting  port.o
    0x2000005c   0x08006404   0x00000004   PAD
    0x20000060        -       0x0000005c   Zero   RW           66    .bss..L_MergedGlobals  ili9488.o
    0x200000bc        -       0x00000010   Zero   RW          115    .bss..L_MergedGlobals  freertos.o
    0x200000cc        -       0x00000078   Zero   RW         1587    .bss..L_MergedGlobals  tasks.o
    0x20000144        -       0x0000003c   Zero   RW         1638    .bss..L_MergedGlobals  timers.o
    0x20000180        -       0x00000020   Zero   RW         1824    .bss..L_MergedGlobals  heap_4.o
    0x200001a0        -       0x00000008   Zero   RW         1860    .bss..L_MergedGlobals  port.o
    0x200001a8        -       0x00000028   Zero   RW         1588    .bss..L_MergedGlobals.6  tasks.o
    0x200001d0        -       0x00000004   Zero   RW         1797    .bss.KernelState    cmsis_os2.o
    0x200001d4        -       0x00000048   Zero   RW          240    .bss.hadc1          adc.o
    0x2000021c        -       0x00000058   Zero   RW          130    .bss.hspi2          spi.o
    0x20000274        -       0x00000048   Zero   RW          196    .bss.htim1          stm32f4xx_hal_timebase_tim.o
    0x200002bc        -       0x00000048   Zero   RW          149    .bss.huart1         usart.o
    0x20000304        -       0x000000a0   Zero   RW         1636    .bss.prvCheckForValidListAndQueue.ucStaticTimerQueueStorage  timers.o
    0x200003a4        -       0x00000050   Zero   RW         1635    .bss.prvCheckForValidListAndQueue.xStaticTimerQueue  timers.o
    0x200003f4        -       0x00000460   Zero   RW         1586    .bss.pxReadyTasksLists  tasks.o
    0x20000854        -       0x00019000   Zero   RW         1823    .bss.ucHeap         heap_4.o
    0x20019854        -       0x00000004   Zero   RW          598    .bss.uwTick         stm32f4xx_hal.o
    0x20019858        -       0x0000005c   Zero   RW         1799    .bss.vApplicationGetIdleTaskMemory.Idle_TCB  cmsis_os2.o
    0x200198b4        -       0x00000400   Zero   RW         1802    .bss.vApplicationGetTimerTaskMemory.Timer_Stack  cmsis_os2.o
    0x20019cb4        -       0x0000005c   Zero   RW         1801    .bss.vApplicationGetTimerTaskMemory.Timer_TCB  cmsis_os2.o
    0x20019d10        -       0x00000040   Zero   RW         1421    .bss.xQueueRegistry  queue.o
    0x20019d50        -       0x00000400   Zero   RW            1    STACK               startup_stm32f407xx.o


    Execution Region RW_IRAM2 (Exec base: 0x2001c000, Load base: 0x08006408, Size: 0x00003e80, Max: 0x00004000, ABSOLUTE)

    Exec Addr    Load Addr    Size         Type   Attr      Idx    E Section Name        Object

    0x2001c000        -       0x00003e80   Zero   RW         1800    .bss.vApplicationGetIdleTaskMemory.Idle_Stack  cmsis_os2.o


==============================================================================

Image component sizes


      Code (inc. data)   RO Data    RW Data    ZI Data      Debug   Object Name

        34          0          0          0         72       5255   adc.o
       486          0          0          0      17212      43198   cmsis_os2.o
       620        188         94          0         16       4842   freertos.o
       512          0          0         72          0       5302   game.o
       280          0          0          0          0       2220   gpio.o
       708          0          0          0     102432       5730   heap_4.o
      4780         24          0          0         92      30872   ili9488.o
       186          0          0          0          0       2283   list.o
       404        116          0          0          0       6277   main.o
       972         96          0          4          8       4431   port.o
      2056          0          0          0         64      30024   queue.o
       188          0          0          0         88       5016   spi.o
        36          8        392          0       1024        812   startup_stm32f407xx.o
       132          0          0          8          4       7272   stm32f4xx_hal.o
       606          0          0          0          0      12308   stm32f4xx_hal_adc.o
       152          0          0          0          0      10689   stm32f4xx_hal_cortex.o
       178          0          0          0          0      10501   stm32f4xx_hal_dma.o
       434          0          0          0          0       5319   stm32f4xx_hal_gpio.o
        66          0          0          0          0       3503   stm32f4xx_hal_msp.o
      1542          0          0          0          0       7416   stm32f4xx_hal_rcc.o
      1098          0          0          0          0      26314   stm32f4xx_hal_spi.o
       928          0          0          0          0      57307   stm32f4xx_hal_tim.o
         4          0          0          0          0      21454   stm32f4xx_hal_tim_ex.o
       170          0          0          0         72       7154   stm32f4xx_hal_timebase_tim.o
      2394          0          0          0          0      32111   stm32f4xx_hal_uart.o
        36          0          0          0          0       5425   stm32f4xx_it.o
        18          0         24          4          0       2616   system_stm32f4xx.o
      3184        100          0          0       1280      43882   tasks.o
      1070         18          5          0        300      16359   timers.o
       226          0          0          0         72       7496   usart.o

    ----------------------------------------------------------------------
     23668        550        564         88     122740     423388   Object Totals
         0          0         48          0          0          0   (incl. Generated)
       168          0          1          0          4          0   (incl. Padding)

    ----------------------------------------------------------------------

      Code (inc. data)   RO Data    RW Data    ZI Data      Debug   Library Member Name

         0          0          0          0          0          0   entry.o
         0          0          0          0          0          0   entry10a.o
         0          0          0          0          0          0   entry11a.o
         8          4          0          0          0          0   entry2.o
         4          0          0          0          0          0   entry5.o
         0          0          0          0          0          0   entry7b.o
         0          0          0          0          0          0   entry8b.o
         8          4          0          0          0          0   entry9a.o
        30          0          0          0          0          0   handlers.o
        48         10          0          0          0         68   init.o
        30          0          0          0          0         68   llshl.o
        32          0          0          0          0         68   llushr.o
        36          0          0          0          0         68   memcpya.o
        36          0          0          0          0        108   memseta.o
       866         14          0          0          0        352   printf6.o
        36          6          0          0          0         80   puts.o
         0          0          0          4          0          0   stdout.o
        44          0          0          0          0         80   uidiv.o
        98          0          0          0          0         92   uldiv.o

    ----------------------------------------------------------------------
      1280         38          0          4          0        984   Library Totals
         4          0          0          0          0          0   (incl. Padding)

    ----------------------------------------------------------------------

      Code (inc. data)   RO Data    RW Data    ZI Data      Debug   Library Name

      1276         38          0          4          0        984   mc_w.l

    ----------------------------------------------------------------------
      1280         38          0          4          0        984   Library Totals

    ----------------------------------------------------------------------

==============================================================================


      Code (inc. data)   RO Data    RW Data    ZI Data      Debug   

     24948        588        564         92     122740     423548   Grand Totals
     24948        588        564         92     122740     423548   ELF Image Totals
     24948        588        564         92          0          0   ROM Totals

==============================================================================

    Total RO  Size (Code + RO Data)                25512 (  24.91kB)
    Total RW  Size (RW Data + ZI Data)            122832 ( 119.95kB)
    Total ROM Size (Code + RO Data + RW Data)      25604 (  25.00kB)

==============================================================================

