<html>
<body>
<pre>
<h1>µVision Build Log</h1>
<h2>Tool Versions:</h2>
IDE-Version: £gVision V5.40.0.0
Copyright (C) 2024 ARM Ltd and ARM Germany GmbH. All rights reserved.
License Information: Aaron Yu, NTUST, LIC=----
 
Tool Versions:
Toolchain:       MDK-Lite  Version: 5.40.0.3
Toolchain Path:  C:\Keilv5\ARM\ARMCLANG\Bin
C Compiler:      ArmClang.exe V6.22
Assembler:       Armasm.exe V6.22
Linker/Locator:  ArmLink.exe V6.22
Library Manager: ArmAr.exe V6.22
Hex Converter:   FromElf.exe V6.22
CPU DLL:         SARMCM3.DLL V5.40.0.3
Dialog DLL:      DCM.DLL V1.17.5.0
Target DLL:      STLink\ST-LINKIII-KEIL_SWO.dll V3.3.0.0
Dialog DLL:      TCM.DLL V1.56.4.0
 
<h2>Project:</h2>
g:\STM32\LCDwRTOS\MDK-ARM\LCDwRTOS.uvprojx
Project File Date:  02/25/2025

<h2>Output:</h2>
*** Using Compiler 'V6.22', folder: 'C:\Keilv5\ARM\ARMCLANG\Bin'
Rebuild target 'LCDwRTOS'
compiling usart.c...
assembling startup_stm32f407xx.s...
compiling stm32f4xx_hal_msp.c...
compiling spi.c...
compiling stm32f4xx_hal_timebase_tim.c...
compiling gpio.c...
compiling stm32f4xx_it.c...
compiling main.c...
compiling Game.c...
../Core/Src/freertos.c(275): warning: passing arguments to 'get_adc_value' without a prototype is deprecated in all versions of C and is not supported in C23 [-Wdeprecated-non-prototype]
  275 |     uint8_t Toggle_Xvalue = get_adc_value(5);
      |                                          ^
../Core/Src/freertos.c(276): warning: passing arguments to 'get_adc_value' without a prototype is deprecated in all versions of C and is not supported in C23 [-Wdeprecated-non-prototype]
  276 |     uint8_t Toggle_Yvalue = get_adc_value(4);
      |                                          ^
2 warnings generated.
compiling freertos.c...
compiling adc.c...
compiling stm32f4xx_hal_rcc.c...
../Core/Src/ili9488.c(359): warning: while loop has empty body [-Wempty-body]
  359 |         while(!(SPI1->SR & SPI_SR_TXE));
      |                                        ^
../Core/Src/ili9488.c(359): note: put the semicolon on a separate line to silence this warning
1 warning generated.
compiling ili9488.c...
compiling stm32f4xx_hal_rcc_ex.c...
compiling stm32f4xx_hal_flash.c...
compiling stm32f4xx_hal_flash_ramfunc.c...
compiling stm32f4xx_hal_pwr.c...
compiling stm32f4xx_hal_dma_ex.c...
compiling stm32f4xx_hal_flash_ex.c...
compiling stm32f4xx_hal_gpio.c...
compiling stm32f4xx_hal_pwr_ex.c...
compiling stm32f4xx_hal_dma.c...
compiling stm32f4xx_hal.c...
compiling stm32f4xx_hal_cortex.c...
compiling stm32f4xx_hal_exti.c...
compiling croutine.c...
compiling system_stm32f4xx.c...
compiling stm32f4xx_hal_adc_ex.c...
compiling stm32f4xx_hal_adc.c...
compiling list.c...
compiling stm32f4xx_hal_tim_ex.c...
compiling event_groups.c...
compiling stm32f4xx_hal_spi.c...
compiling stm32f4xx_hal_uart.c...
compiling queue.c...
compiling stream_buffer.c...
compiling heap_4.c...
compiling port.c...
compiling timers.c...
compiling stm32f4xx_hal_tim.c...
../Middlewares/Third_Party/FreeRTOS/Source/tasks.c(158): warning: backslash and newline separated by space [-Wbackslash-newline-escape]
  158 |         //      pxTaskStatusArray = pvPortMalloc(uxArraySize * sizeof(TaskStatus_t)); \ 
      |                                                                                       ^
1 warning generated.
compiling tasks.c...
compiling cmsis_os2.c...
linking...
Program Size: Code=24948 RO-data=564 RW-data=92 ZI-data=122740  
FromELF: creating hex file...
"LCDwRTOS\LCDwRTOS.axf" - 0 Error(s), 4 Warning(s).

<h2>Software Packages used:</h2>

Package Vendor: ARM
                https://www.keil.com/pack/ARM.CMSIS.6.1.0.pack
                ARM::CMSIS@6.1.0
                CMSIS (Common Microcontroller Software Interface Standard)
   * Component: CORE Version: 6.1.0

Package Vendor: Keil
                https://www.keil.com/pack/Keil.STM32F4xx_DFP.2.17.1.pack
                Keil::STM32F4xx_DFP@2.17.1
                STMicroelectronics STM32F4 Series Device Support, Drivers and Examples

<h2>Collection of Component include folders:</h2>
  ./RTE/_LCDwRTOS
  C:/Users/Huai/AppData/Local/Arm/Packs/ARM/CMSIS/6.1.0/CMSIS/Core/Include
  C:/Users/Huai/AppData/Local/Arm/Packs/Keil/STM32F4xx_DFP/2.17.1/Drivers/CMSIS/Device/ST/STM32F4xx/Include

<h2>Collection of Component Files used:</h2>

   * Component: ARM::CMSIS:CORE@6.1.0
      Include file:  CMSIS/Core/Include/tz_context.h
Build Time Elapsed:  00:00:03
</pre>
</body>
</html>
